[    0.000000] Linux version 4.20.11.sslab (root@jeong-VirtualBox) (gcc version 7.5.0 (Ubuntu 7.5.0-3ubuntu1~18.04)) #32 SMP Thu May 23 03:30:57 KST 2024
[    0.000000] Command line: BOOT_IMAGE=/boot/vmlinuz-4.20.11.sslab root=UUID=b6f00a66-ca81-4cf9-909d-952ed4d9f250 ro quiet splash
[    0.000000] KERNEL supported cpus:
[    0.000000]   Intel GenuineIntel
[    0.000000]   AMD AuthenticAMD
[    0.000000]   Hygon HygonGenuine
[    0.000000]   Centaur CentaurHauls
[    0.000000] x86/fpu: Supporting XSAVE feature 0x001: 'x87 floating point registers'
[    0.000000] x86/fpu: Supporting XSAVE feature 0x002: 'SSE registers'
[    0.000000] x86/fpu: Supporting XSAVE feature 0x004: 'AVX registers'
[    0.000000] x86/fpu: xstate_offset[2]:  576, xstate_sizes[2]:  256
[    0.000000] x86/fpu: Enabled xstate features 0x7, context size is 832 bytes, using 'standard' format.
[    0.000000] BIOS-provided physical RAM map:
[    0.000000] BIOS-e820: [mem 0x0000000000000000-0x000000000009fbff] usable
[    0.000000] BIOS-e820: [mem 0x000000000009fc00-0x000000000009ffff] reserved
[    0.000000] BIOS-e820: [mem 0x00000000000f0000-0x00000000000fffff] reserved
[    0.000000] BIOS-e820: [mem 0x0000000000100000-0x00000000dffeffff] usable
[    0.000000] BIOS-e820: [mem 0x00000000dfff0000-0x00000000dfffffff] ACPI data
[    0.000000] BIOS-e820: [mem 0x00000000fec00000-0x00000000fec00fff] reserved
[    0.000000] BIOS-e820: [mem 0x00000000fee00000-0x00000000fee00fff] reserved
[    0.000000] BIOS-e820: [mem 0x00000000fffc0000-0x00000000ffffffff] reserved
[    0.000000] BIOS-e820: [mem 0x0000000100000000-0x000000011fffffff] usable
[    0.000000] NX (Execute Disable) protection: active
[    0.000000] SMBIOS 2.5 present.
[    0.000000] DMI: innotek GmbH VirtualBox/VirtualBox, BIOS VirtualBox 12/01/2006
[    0.000000] Hypervisor detected: KVM
[    0.000000] kvm-clock: Using msrs 4b564d01 and 4b564d00
[    0.000000] kvm-clock: cpu 0, msr b9201001, primary cpu clock
[    0.000000] kvm-clock: using sched offset of 5406498310 cycles
[    0.000002] clocksource: kvm-clock: mask: 0xffffffffffffffff max_cycles: 0x1cd42e4dffb, max_idle_ns: 881590591483 ns
[    0.000003] tsc: Detected 1799.999 MHz processor
[    0.002734] e820: update [mem 0x00000000-0x00000fff] usable ==> reserved
[    0.002735] e820: remove [mem 0x000a0000-0x000fffff] usable
[    0.002739] last_pfn = 0x120000 max_arch_pfn = 0x400000000
[    0.002749] MTRR default type: uncachable
[    0.002749] MTRR variable ranges disabled:
[    0.002751] Disabled
[    0.002752] x86/PAT: MTRRs disabled, skipping PAT initialization too.
[    0.002754] CPU MTRRs all blank - virtualized system.
[    0.002756] x86/PAT: Configuration [0-7]: WB  WT  UC- UC  WB  WT  UC- UC  
[    0.002759] last_pfn = 0xdfff0 max_arch_pfn = 0x400000000
[    0.002821] found SMP MP-table at [mem 0x0009fff0-0x0009ffff] mapped at [(____ptrval____)]
[    0.079749] check: Scanning 1 areas for low memory corruption
[    0.079753] Base memory trampoline at [(____ptrval____)] 99000 size 24576
[    0.079779] BRK [0xb9401000, 0xb9401fff] PGTABLE
[    0.079781] BRK [0xb9402000, 0xb9402fff] PGTABLE
[    0.079781] BRK [0xb9403000, 0xb9403fff] PGTABLE
[    0.079798] BRK [0xb9404000, 0xb9404fff] PGTABLE
[    0.079800] BRK [0xb9405000, 0xb9405fff] PGTABLE
[    0.080170] RAMDISK: [mem 0x30501000-0x34277fff]
[    0.080183] ACPI: Early table checksum verification disabled
[    0.080202] ACPI: RSDP 0x00000000000E0000 000024 (v02 VBOX  )
[    0.080205] ACPI: XSDT 0x00000000DFFF0030 00003C (v01 VBOX   VBOXXSDT 00000001 ASL  00000061)
[    0.080211] ACPI: FACP 0x00000000DFFF00F0 0000F4 (v04 VBOX   VBOXFACP 00000001 ASL  00000061)
[    0.080216] ACPI: DSDT 0x00000000DFFF0620 002353 (v02 VBOX   VBOXBIOS 00000002 INTL 20100528)
[    0.080219] ACPI: FACS 0x00000000DFFF0200 000040
[    0.080222] ACPI: FACS 0x00000000DFFF0200 000040
[    0.080224] ACPI: APIC 0x00000000DFFF0240 00006C (v02 VBOX   VBOXAPIC 00000001 ASL  00000061)
[    0.080227] ACPI: SSDT 0x00000000DFFF02B0 00036C (v01 VBOX   VBOXCPUT 00000002 INTL 20100528)
[    0.080235] ACPI: Local APIC address 0xfee00000
[    0.080444] No NUMA configuration found
[    0.080445] Faking a node at [mem 0x0000000000000000-0x000000011fffffff]
[    0.080451] NODE_DATA(0) allocated [mem 0x11ffd1000-0x11fffbfff]
[    0.080801] Zone ranges:
[    0.080802]   DMA      [mem 0x0000000000001000-0x0000000000ffffff]
[    0.080803]   DMA32    [mem 0x0000000001000000-0x00000000ffffffff]
[    0.080804]   Normal   [mem 0x0000000100000000-0x000000011fffffff]
[    0.080804]   Device   empty
[    0.080805] Movable zone start for each node
[    0.080807] Early memory node ranges
[    0.080808]   node   0: [mem 0x0000000000001000-0x000000000009efff]
[    0.080808]   node   0: [mem 0x0000000000100000-0x00000000dffeffff]
[    0.080809]   node   0: [mem 0x0000000100000000-0x000000011fffffff]
[    0.081247] Zeroed struct page in unavailable ranges: 114 pages
[    0.081249] Initmem setup node 0 [mem 0x0000000000001000-0x000000011fffffff]
[    0.081250] On node 0 totalpages: 1048462
[    0.081251]   DMA zone: 64 pages used for memmap
[    0.081251]   DMA zone: 21 pages reserved
[    0.081252]   DMA zone: 3998 pages, LIFO batch:0
[    0.081323]   DMA32 zone: 14272 pages used for memmap
[    0.081323]   DMA32 zone: 913392 pages, LIFO batch:63
[    0.103300]   Normal zone: 2048 pages used for memmap
[    0.103302]   Normal zone: 131072 pages, LIFO batch:31
[    0.106691] ACPI: PM-Timer IO Port: 0x4008
[    0.106694] ACPI: Local APIC address 0xfee00000
[    0.106749] IOAPIC[0]: apic_id 4, version 32, address 0xfec00000, GSI 0-23
[    0.106752] ACPI: INT_SRC_OVR (bus 0 bus_irq 0 global_irq 2 dfl dfl)
[    0.106753] ACPI: INT_SRC_OVR (bus 0 bus_irq 9 global_irq 9 low level)
[    0.106754] ACPI: IRQ0 used by override.
[    0.106755] ACPI: IRQ9 used by override.
[    0.106757] Using ACPI (MADT) for SMP configuration information
[    0.106762] smpboot: Allowing 4 CPUs, 0 hotplug CPUs
[    0.106780] PM: Registered nosave memory: [mem 0x00000000-0x00000fff]
[    0.106781] PM: Registered nosave memory: [mem 0x0009f000-0x0009ffff]
[    0.106781] PM: Registered nosave memory: [mem 0x000a0000-0x000effff]
[    0.106782] PM: Registered nosave memory: [mem 0x000f0000-0x000fffff]
[    0.106782] PM: Registered nosave memory: [mem 0xdfff0000-0xdfffffff]
[    0.106783] PM: Registered nosave memory: [mem 0xe0000000-0xfebfffff]
[    0.106783] PM: Registered nosave memory: [mem 0xfec00000-0xfec00fff]
[    0.106784] PM: Registered nosave memory: [mem 0xfec01000-0xfedfffff]
[    0.106784] PM: Registered nosave memory: [mem 0xfee00000-0xfee00fff]
[    0.106784] PM: Registered nosave memory: [mem 0xfee01000-0xfffbffff]
[    0.106785] PM: Registered nosave memory: [mem 0xfffc0000-0xffffffff]
[    0.106786] [mem 0xe0000000-0xfebfffff] available for PCI devices
[    0.106786] Booting paravirtualized kernel on KVM
[    0.106789] clocksource: refined-jiffies: mask: 0xffffffff max_cycles: 0xffffffff, max_idle_ns: 7645519600211568 ns
[    0.106796] random: get_random_bytes called from start_kernel+0x97/0x526 with crng_init=0
[    0.106800] setup_percpu: NR_CPUS:8192 nr_cpumask_bits:4 nr_cpu_ids:4 nr_node_ids:1
[    0.107095] percpu: Embedded 46 pages/cpu @(____ptrval____) s151552 r8192 d28672 u524288
[    0.107099] pcpu-alloc: s151552 r8192 d28672 u524288 alloc=1*2097152
[    0.107100] pcpu-alloc: [0] 0 1 2 3 
[    0.107118] PV qspinlock hash table entries: 256 (order: 0, 4096 bytes)
[    0.107122] Built 1 zonelists, mobility grouping on.  Total pages: 1032057
[    0.107122] Policy zone: Normal
[    0.107123] Kernel command line: BOOT_IMAGE=/boot/vmlinuz-4.20.11.sslab root=UUID=b6f00a66-ca81-4cf9-909d-952ed4d9f250 ro quiet splash
[    0.113187] Calgary: detecting Calgary via BIOS EBDA area
[    0.113189] Calgary: Unable to locate Rio Grande table in EBDA - bailing!
[    0.120570] Memory: 3965356K/4193848K available (14341K kernel code, 2321K rwdata, 4156K rodata, 2464K init, 5328K bss, 228492K reserved, 0K cma-reserved)
[    0.120890] SLUB: HWalign=64, Order=0-3, MinObjects=0, CPUs=4, Nodes=1
[    0.120905] Kernel/User page tables isolation: enabled
[    0.120917] ftrace: allocating 41137 entries in 161 pages
[    0.134407] rcu: Hierarchical RCU implementation.
[    0.134409] rcu: 	RCU restricting CPUs from NR_CPUS=8192 to nr_cpu_ids=4.
[    0.134409] 	Tasks RCU enabled.
[    0.134410] rcu: RCU calculated value of scheduler-enlistment delay is 25 jiffies.
[    0.134411] rcu: Adjusting geometry for rcu_fanout_leaf=16, nr_cpu_ids=4
[    0.136725] NR_IRQS: 524544, nr_irqs: 456, preallocated irqs: 16
[    0.144757] Console: colour VGA+ 80x25
[    0.144761] printk: console [tty0] enabled
[    0.144777] ACPI: Core revision 20181003
[    0.144895] APIC: Switch to symmetric I/O mode setup
[    0.145102] x2apic enabled
[    0.145301] Switched APIC routing to physical x2apic.
[    0.146217] ..TIMER: vector=0x30 apic1=0 pin1=2 apic2=-1 pin2=-1
[    0.146237] clocksource: tsc-early: mask: 0xffffffffffffffff max_cycles: 0x19f228ab7a2, max_idle_ns: 440795289252 ns
[    0.146253] Calibrating delay loop (skipped) preset value.. 3599.99 BogoMIPS (lpj=7199996)
[    0.146255] pid_max: default: 32768 minimum: 301
[    0.146314] LSM: Security Framework initializing
[    0.146316] Yama: becoming mindful.
[    0.146332] AppArmor: AppArmor initialized
[    0.147173] Dentry cache hash table entries: 524288 (order: 10, 4194304 bytes)
[    0.147558] Inode-cache hash table entries: 262144 (order: 9, 2097152 bytes)
[    0.147575] Mount-cache hash table entries: 8192 (order: 4, 65536 bytes)
[    0.147580] Mountpoint-cache hash table entries: 8192 (order: 4, 65536 bytes)
[    0.147812] mce: CPU supports 0 MCE banks
[    0.147827] Last level iTLB entries: 4KB 64, 2MB 8, 4MB 8
[    0.147827] Last level dTLB entries: 4KB 64, 2MB 0, 4MB 0, 1GB 4
[    0.147829] Spectre V2 : Mitigation: Full generic retpoline
[    0.147829] Spectre V2 : Spectre v2 / SpectreRSB mitigation: Filling RSB on context switch
[    0.147830] Speculative Store Bypass: Vulnerable
[    0.147956] Freeing SMP alternatives memory: 36K
[    0.154239] smpboot: CPU0: Intel(R) Core(TM) i5-8250U CPU @ 1.60GHz (family: 0x6, model: 0x8e, stepping: 0xa)
[    0.154239] Performance Events: unsupported p6 CPU model 142 no PMU driver, software events only.
[    0.154239] rcu: Hierarchical SRCU implementation.
[    0.154239] NMI watchdog: Perf NMI watchdog permanently disabled
[    0.154239] smp: Bringing up secondary CPUs ...
[    0.154239] x86: Booting SMP configuration:
[    0.154239] .... node  #0, CPUs:      #1
[    0.013123] kvm-clock: cpu 1, msr b9201041, secondary cpu clock
[    0.013123] mce: CPU supports 0 MCE banks
[    0.154315]  #2
[    0.013123] kvm-clock: cpu 2, msr b9201081, secondary cpu clock
[    0.013123] mce: CPU supports 0 MCE banks
[    0.156756]  #3
[    0.013123] kvm-clock: cpu 3, msr b92010c1, secondary cpu clock
[    0.013123] mce: CPU supports 0 MCE banks
[    0.158277] smp: Brought up 1 node, 4 CPUs
[    0.158277] smpboot: Max logical packages: 1
[    0.158277] smpboot: Total of 4 processors activated (14399.99 BogoMIPS)
[    0.158440] devtmpfs: initialized
[    0.158440] x86/mm: Memory block size: 128MB
[    0.158579] clocksource: jiffies: mask: 0xffffffff max_cycles: 0xffffffff, max_idle_ns: 7645041785100000 ns
[    0.158579] futex hash table entries: 1024 (order: 4, 65536 bytes)
[    0.158579] pinctrl core: initialized pinctrl subsystem
[    0.158579] RTC time: 17:46:31, date: 05/27/24
[    0.158650] NET: Registered protocol family 16
[    0.158707] audit: initializing netlink subsys (disabled)
[    0.158726] audit: type=2000 audit(1716831997.744:1): state=initialized audit_enabled=0 res=1
[    0.158726] cpuidle: using governor ladder
[    0.158726] cpuidle: using governor menu
[    0.158726] ACPI: bus type PCI registered
[    0.158726] acpiphp: ACPI Hot Plug PCI Controller Driver version: 0.5
[    0.158726] PCI: Using configuration type 1 for base access
[    0.162355] HugeTLB registered 2.00 MiB page size, pre-allocated 0 pages
[    0.162538] ACPI: Added _OSI(Module Device)
[    0.162538] ACPI: Added _OSI(Processor Device)
[    0.162538] ACPI: Added _OSI(3.0 _SCP Extensions)
[    0.162538] ACPI: Added _OSI(Processor Aggregator Device)
[    0.162538] ACPI: Added _OSI(Linux-Dell-Video)
[    0.162538] ACPI: Added _OSI(Linux-Lenovo-NV-HDMI-Audio)
[    0.164260] ACPI: 2 ACPI AML tables successfully acquired and loaded
[    0.165729] ACPI: Interpreter enabled
[    0.165738] ACPI: (supports S0 S5)
[    0.165739] ACPI: Using IOAPIC for interrupt routing
[    0.165933] PCI: Using host bridge windows from ACPI; if necessary, use "pci=nocrs" and report a bug
[    0.166046] ACPI: Enabled 2 GPEs in block 00 to 07
[    0.171265] ACPI: PCI Root Bridge [PCI0] (domain 0000 [bus 00-ff])
[    0.171269] acpi PNP0A03:00: _OSC: OS supports [ASPM ClockPM Segments MSI]
[    0.171689] acpi PNP0A03:00: _OSC: not requesting OS control; OS requires [ExtendedConfig ASPM ClockPM MSI]
[    0.171696] acpi PNP0A03:00: fail to add MMCONFIG information, can't access extended PCI configuration space under this bridge.
[    0.172029] PCI host bridge to bus 0000:00
[    0.172031] pci_bus 0000:00: root bus resource [io  0x0000-0x0cf7 window]
[    0.172032] pci_bus 0000:00: root bus resource [io  0x0d00-0xffff window]
[    0.172033] pci_bus 0000:00: root bus resource [mem 0x000a0000-0x000bffff window]
[    0.172034] pci_bus 0000:00: root bus resource [mem 0xe0000000-0xfdffffff window]
[    0.172035] pci_bus 0000:00: root bus resource [bus 00-ff]
[    0.172069] pci 0000:00:00.0: [8086:1237] type 00 class 0x060000
[    0.172849] pci 0000:00:01.0: [8086:7000] type 00 class 0x060100
[    0.173466] pci 0000:00:01.1: [8086:7111] type 00 class 0x01018a
[    0.173766] pci 0000:00:01.1: reg 0x20: [io  0xd000-0xd00f]
[    0.173888] pci 0000:00:01.1: legacy IDE quirk: reg 0x10: [io  0x01f0-0x01f7]
[    0.173889] pci 0000:00:01.1: legacy IDE quirk: reg 0x14: [io  0x03f6]
[    0.173890] pci 0000:00:01.1: legacy IDE quirk: reg 0x18: [io  0x0170-0x0177]
[    0.173891] pci 0000:00:01.1: legacy IDE quirk: reg 0x1c: [io  0x0376]
[    0.174681] pci 0000:00:02.0: [15ad:0405] type 00 class 0x030000
[    0.177308] pci 0000:00:02.0: reg 0x10: [io  0xd010-0xd01f]
[    0.178273] pci 0000:00:02.0: reg 0x14: [mem 0xe0000000-0xe0ffffff pref]
[    0.180030] pci 0000:00:02.0: reg 0x18: [mem 0xf0000000-0xf01fffff]
[    0.187157] pci 0000:00:03.0: [8086:100e] type 00 class 0x020000
[    0.188890] pci 0000:00:03.0: reg 0x10: [mem 0xf0200000-0xf021ffff]
[    0.192616] pci 0000:00:03.0: reg 0x18: [io  0xd020-0xd027]
[    0.200644] pci 0000:00:04.0: [80ee:cafe] type 00 class 0x088000
[    0.202332] pci 0000:00:04.0: reg 0x10: [io  0xd040-0xd05f]
[    0.203891] pci 0000:00:04.0: reg 0x14: [mem 0xf0400000-0xf07fffff]
[    0.205473] pci 0000:00:04.0: reg 0x18: [mem 0xf0800000-0xf0803fff pref]
[    0.212396] pci 0000:00:05.0: [8086:2415] type 00 class 0x040100
[    0.212500] pci 0000:00:05.0: reg 0x10: [io  0xd100-0xd1ff]
[    0.212551] pci 0000:00:05.0: reg 0x14: [io  0xd200-0xd23f]
[    0.214683] pci 0000:00:06.0: [106b:003f] type 00 class 0x0c0310
[    0.216307] pci 0000:00:06.0: reg 0x10: [mem 0xf0804000-0xf0804fff]
[    0.226279] pci 0000:00:07.0: [8086:7113] type 00 class 0x068000
[    0.226612] pci 0000:00:07.0: quirk: [io  0x4000-0x403f] claimed by PIIX4 ACPI
[    0.226621] pci 0000:00:07.0: quirk: [io  0x4100-0x410f] claimed by PIIX4 SMB
[    0.227845] pci 0000:00:0b.0: [8086:265c] type 00 class 0x0c0320
[    0.229508] pci 0000:00:0b.0: reg 0x10: [mem 0xf0805000-0xf0805fff]
[    0.239184] pci 0000:00:0d.0: [8086:2829] type 00 class 0x010601
[    0.240788] pci 0000:00:0d.0: reg 0x10: [io  0xd240-0xd247]
[    0.242352] pci 0000:00:0d.0: reg 0x14: [io  0xd248-0xd24b]
[    0.243927] pci 0000:00:0d.0: reg 0x18: [io  0xd250-0xd257]
[    0.245494] pci 0000:00:0d.0: reg 0x1c: [io  0xd258-0xd25b]
[    0.246334] pci 0000:00:0d.0: reg 0x20: [io  0xd260-0xd26f]
[    0.247814] pci 0000:00:0d.0: reg 0x24: [mem 0xf0806000-0xf0807fff]
[    0.256546] ACPI: PCI Interrupt Link [LNKA] (IRQs 5 9 10 *11)
[    0.256803] ACPI: PCI Interrupt Link [LNKB] (IRQs 5 9 *10 11)
[    0.256898] ACPI: PCI Interrupt Link [LNKC] (IRQs 5 *9 10 11)
[    0.256991] ACPI: PCI Interrupt Link [LNKD] (IRQs 5 9 10 *11)
[    0.258265] pci 0000:00:02.0: vgaarb: setting as boot VGA device
[    0.258267] pci 0000:00:02.0: vgaarb: VGA device added: decodes=io+mem,owns=io+mem,locks=none
[    0.258269] pci 0000:00:02.0: vgaarb: bridge control possible
[    0.258270] vgaarb: loaded
[    0.258451] SCSI subsystem initialized
[    0.258486] libata version 3.00 loaded.
[    0.258486] ACPI: bus type USB registered
[    0.258486] usbcore: registered new interface driver usbfs
[    0.258486] usbcore: registered new interface driver hub
[    0.258486] usbcore: registered new device driver usb
[    0.258486] pps_core: LinuxPPS API ver. 1 registered
[    0.258486] pps_core: Software ver. 5.3.6 - Copyright 2005-2007 Rodolfo Giometti <giometti@linux.it>
[    0.258486] PTP clock support registered
[    0.258486] EDAC MC: Ver: 3.0.0
[    0.258486] PCI: Using ACPI for IRQ routing
[    0.258486] PCI: pci_cache_line_size set to 64 bytes
[    0.258486] e820: reserve RAM buffer [mem 0x0009fc00-0x0009ffff]
[    0.258486] e820: reserve RAM buffer [mem 0xdfff0000-0xdfffffff]
[    0.258534] NetLabel: Initializing
[    0.258534] NetLabel:  domain hash size = 128
[    0.258535] NetLabel:  protocols = UNLABELED CIPSOv4 CALIPSO
[    0.258547] NetLabel:  unlabeled traffic allowed by default
[    0.259533] clocksource: Switched to clocksource kvm-clock
[    0.267782] VFS: Disk quotas dquot_6.6.0
[    0.267797] VFS: Dquot-cache hash table entries: 512 (order 0, 4096 bytes)
[    0.267889] AppArmor: AppArmor Filesystem Enabled
[    0.267913] pnp: PnP ACPI init
[    0.267973] pnp 00:00: Plug and Play ACPI device, IDs PNP0303 (active)
[    0.268034] pnp 00:01: Plug and Play ACPI device, IDs PNP0f03 (active)
[    0.268712] pnp: PnP ACPI: found 2 devices
[    0.278070] clocksource: acpi_pm: mask: 0xffffff max_cycles: 0xffffff, max_idle_ns: 2085701024 ns
[    0.278079] pci_bus 0000:00: resource 4 [io  0x0000-0x0cf7 window]
[    0.278081] pci_bus 0000:00: resource 5 [io  0x0d00-0xffff window]
[    0.278082] pci_bus 0000:00: resource 6 [mem 0x000a0000-0x000bffff window]
[    0.278083] pci_bus 0000:00: resource 7 [mem 0xe0000000-0xfdffffff window]
[    0.278131] NET: Registered protocol family 2
[    0.278255] tcp_listen_portaddr_hash hash table entries: 2048 (order: 3, 32768 bytes)
[    0.278276] TCP established hash table entries: 32768 (order: 6, 262144 bytes)
[    0.278345] TCP bind hash table entries: 32768 (order: 7, 524288 bytes)
[    0.278386] TCP: Hash tables configured (established 32768 bind 32768)
[    0.278410] UDP hash table entries: 2048 (order: 4, 65536 bytes)
[    0.278418] UDP-Lite hash table entries: 2048 (order: 4, 65536 bytes)
[    0.278478] NET: Registered protocol family 1
[    0.278485] NET: Registered protocol family 44
[    0.278505] pci 0000:00:00.0: Limiting direct PCI/PCI transfers
[    0.278515] pci 0000:00:01.0: Activating ISA DMA hang workarounds
[    0.278558] pci 0000:00:02.0: Video device with shadowed ROM at [mem 0x000c0000-0x000dffff]
[    0.280802] PCI: CLS 0 bytes, default 64
[    0.280833] Unpacking initramfs...
[    0.962621] Freeing initrd memory: 62940K
[    0.962646] PCI-DMA: Using software bounce buffering for IO (SWIOTLB)
[    0.962647] software IO TLB: mapped [mem 0xdbff0000-0xdfff0000] (64MB)
[    0.962741] clocksource: tsc: mask: 0xffffffffffffffff max_cycles: 0x19f228ab7a2, max_idle_ns: 440795289252 ns
[    0.962778] platform rtc_cmos: registered platform RTC device (no PNP device found)
[    0.962794] check: Scanning for low memory corruption every 60 seconds
[    0.964470] Initialise system trusted keyrings
[    0.964476] Key type blacklist registered
[    0.964626] workingset: timestamp_bits=36 max_order=20 bucket_order=0
[    0.965630] zbud: loaded
[    0.966277] squashfs: version 4.0 (2009/01/31) Phillip Lougher
[    0.966671] fuse init (API version 7.28)
[    0.998911] Key type asymmetric registered
[    0.998912] Asymmetric key parser 'x509' registered
[    0.998927] Block layer SCSI generic (bsg) driver version 0.4 loaded (major 244)
[    0.999055] io scheduler noop registered
[    0.999056] io scheduler deadline registered
[    0.999091] io scheduler cfq registered (default)
[    0.999433] shpchp: Standard Hot Plug PCI Controller Driver version: 0.4
[    0.999480] intel_idle: Please enable MWAIT in BIOS SETUP
[    0.999591] ACPI: AC Adapter [AC] (on-line)
[    0.999628] input: Power Button as /devices/LNXSYSTM:00/LNXPWRBN:00/input/input0
[    0.999639] ACPI: Power Button [PWRF]
[    0.999694] input: Sleep Button as /devices/LNXSYSTM:00/LNXSLPBN:00/input/input1
[    0.999699] ACPI: Sleep Button [SLPF]
[    1.000128] Serial: 8250/16550 driver, 32 ports, IRQ sharing enabled
[    1.000730] battery: ACPI: Battery Slot [BAT0] (battery present)
[    1.002556] Linux agpgart interface v0.103
[    1.004202] loop: module loaded
[    1.004293] ata_piix 0000:00:01.1: version 2.13
[    1.004787] scsi host0: ata_piix
[    1.005012] scsi host1: ata_piix
[    1.005032] ata1: PATA max UDMA/33 cmd 0x1f0 ctl 0x3f6 bmdma 0xd000 irq 14
[    1.005033] ata2: PATA max UDMA/33 cmd 0x170 ctl 0x376 bmdma 0xd008 irq 15
[    1.005091] libphy: Fixed MDIO Bus: probed
[    1.005092] tun: Universal TUN/TAP device driver, 1.6
[    1.005306] PPP generic driver version 2.4.2
[    1.005357] ehci_hcd: USB 2.0 'Enhanced' Host Controller (EHCI) Driver
[    1.005359] ehci-pci: EHCI PCI platform driver
[    1.005915] ehci-pci 0000:00:0b.0: EHCI Host Controller
[    1.005919] ehci-pci 0000:00:0b.0: new USB bus registered, assigned bus number 1
[    1.006091] ehci-pci 0000:00:0b.0: irq 19, io mem 0xf0805000
[    1.155347] ehci-pci 0000:00:0b.0: USB 2.0 started, EHCI 1.00
[    1.155425] usb usb1: New USB device found, idVendor=1d6b, idProduct=0002, bcdDevice= 4.20
[    1.155426] usb usb1: New USB device strings: Mfr=3, Product=2, SerialNumber=1
[    1.155427] usb usb1: Product: EHCI Host Controller
[    1.155428] usb usb1: Manufacturer: Linux 4.20.11.sslab ehci_hcd
[    1.155428] usb usb1: SerialNumber: 0000:00:0b.0
[    1.155649] hub 1-0:1.0: USB hub found
[    1.155652] hub 1-0:1.0: 12 ports detected
[    1.155840] ehci-platform: EHCI generic platform driver
[    1.155851] ohci_hcd: USB 1.1 'Open' Host Controller (OHCI) Driver
[    1.155854] ohci-pci: OHCI PCI platform driver
[    1.156384] ohci-pci 0000:00:06.0: OHCI PCI host controller
[    1.156387] ohci-pci 0000:00:06.0: new USB bus registered, assigned bus number 2
[    1.156448] ohci-pci 0000:00:06.0: irq 22, io mem 0xf0804000
[    1.174673] ata2.00: ATAPI: VBOX CD-ROM, 1.0, max UDMA/133
[    1.178625] scsi 1:0:0:0: CD-ROM            VBOX     CD-ROM           1.0  PQ: 0 ANSI: 5
[    1.179622] sr 1:0:0:0: [sr0] scsi3-mmc drive: 32x/32x xa/form2 tray
[    1.179623] cdrom: Uniform CD-ROM driver Revision: 3.20
[    1.179849] sr 1:0:0:0: Attached scsi CD-ROM sr0
[    1.180011] sr 1:0:0:0: Attached scsi generic sg0 type 5
[    1.528894] usb usb2: New USB device found, idVendor=1d6b, idProduct=0001, bcdDevice= 4.20
[    1.528896] usb usb2: New USB device strings: Mfr=3, Product=2, SerialNumber=1
[    1.528897] usb usb2: Product: OHCI PCI host controller
[    1.528898] usb usb2: Manufacturer: Linux 4.20.11.sslab ohci_hcd
[    1.528899] usb usb2: SerialNumber: 0000:00:06.0
[    1.529128] hub 2-0:1.0: USB hub found
[    1.529141] hub 2-0:1.0: 12 ports detected
[    1.529445] ohci-platform: OHCI generic platform driver
[    1.529457] uhci_hcd: USB Universal Host Controller Interface driver
[    1.529508] i8042: PNP: PS/2 Controller [PNP0303:PS2K,PNP0f03:PS2M] at 0x60,0x64 irq 1,12
[    1.530044] serio: i8042 KBD port at 0x60,0x64 irq 1
[    1.530070] serio: i8042 AUX port at 0x60,0x64 irq 12
[    1.530377] mousedev: PS/2 mouse device common for all mice
[    1.531181] rtc_cmos rtc_cmos: registered as rtc0
[    1.531223] rtc_cmos rtc_cmos: alarms up to one day, 114 bytes nvram
[    1.531263] input: AT Translated Set 2 keyboard as /devices/platform/i8042/serio0/input/input2
[    1.531280] i2c /dev entries driver
[    1.531337] device-mapper: uevent: version 1.0.3
[    1.531593] device-mapper: ioctl: 4.39.0-ioctl (2018-04-03) initialised: dm-devel@redhat.com
[    1.531890] ledtrig-cpu: registered to indicate activity on CPUs
[    1.532057] NET: Registered protocol family 10
[    1.537970] Segment Routing with IPv6
[    1.537986] NET: Registered protocol family 17
[    1.538182] Key type dns_resolver registered
[    1.538753] RAS: Correctable Errors collector initialized.
[    1.538765] sched_clock: Marking stable (1529596908, 9123446)->(1648673422, -109953068)
[    1.540049] registered taskstats version 1
[    1.540056] Loading compiled-in X.509 certificates
[    1.541783] Loaded X.509 cert 'Build time autogenerated kernel key: 0a838a7fab98f6ccb8a67968b4071231e5223142'
[    1.542083] zswap: loaded using pool lzo/zbud
[    1.547259] Key type big_key registered
[    1.547261] Key type trusted registered
[    1.549713] Key type encrypted registered
[    1.549716] AppArmor: AppArmor sha1 policy hashing enabled
[    1.549725] ima: No TPM chip found, activating TPM-bypass!
[    1.549730] ima: Allocated hash algorithm: sha1
[    1.549741] evm: Initialising EVM extended attributes:
[    1.549742] evm: security.selinux
[    1.549742] evm: security.SMACK64
[    1.549743] evm: security.SMACK64EXEC
[    1.549743] evm: security.SMACK64TRANSMUTE
[    1.549743] evm: security.SMACK64MMAP
[    1.549744] evm: security.apparmor
[    1.549744] evm: security.ima
[    1.549745] evm: security.capability
[    1.549745] evm: HMAC attrs: 0x1
[    1.549974]   Magic number: 8:64:796
[    1.550123] rtc_cmos rtc_cmos: setting system clock to 2024-05-27 17:46:32 UTC (1716831992)
[    1.551924] Freeing unused decrypted memory: 2040K
[    1.552373] Freeing unused kernel image memory: 2464K
[    1.570998] Write protecting the kernel read-only data: 22528k
[    1.571773] Freeing unused kernel image memory: 2012K
[    1.572382] Freeing unused kernel image memory: 1988K
[    1.579349] x86/mm: Checked W+X mappings: passed, no W+X pages found.
[    1.579351] x86/mm: Checking user space page tables
[    1.586018] x86/mm: Checked W+X mappings: passed, no W+X pages found.
[    1.586022] Run /init as init process
[    1.629014] ACPI: Video Device [GFX0] (multi-head: yes  rom: no  post: no)
[    1.629067] input: Video Bus as /devices/LNXSYSTM:00/LNXSYBUS:00/PNP0A03:00/LNXVIDEO:00/input/input4
[    1.635981] piix4_smbus 0000:00:07.0: SMBus Host Controller at 0x4100, revision 0
[    1.637485] e1000: Intel(R) PRO/1000 Network Driver - version 7.3.21-k8-NAPI
[    1.637485] e1000: Copyright (c) 1999-2006 Intel Corporation.
[    1.637817] ahci 0000:00:0d.0: version 3.0
[    1.643893] ahci 0000:00:0d.0: SSS flag set, parallel bus scan disabled
[    1.644049] ahci 0000:00:0d.0: AHCI 0001.0100 32 slots 1 ports 3 Gbps 0x1 impl SATA mode
[    1.644050] ahci 0000:00:0d.0: flags: 64bit ncq stag only ccc 
[    1.647359] scsi host2: ahci
[    1.647492] ata3: SATA max UDMA/133 abar m8192@0xf0806000 port 0xf0806100 irq 21
[    1.655957] [drm] DMA map mode: Using physical TTM page addresses.
[    1.655987] [drm] Capabilities:
[    1.655988] [drm]   Rect copy.
[    1.655988] [drm]   Cursor.
[    1.655989] [drm]   Cursor bypass.
[    1.655989] [drm]   Cursor bypass 2.
[    1.655989] [drm]   Alpha cursor.
[    1.655990] [drm]   Extended Fifo.
[    1.655990] [drm]   Pitchlock.
[    1.655990] [drm]   Irq mask.
[    1.655991] [drm]   GMR.
[    1.655991] [drm]   Traces.
[    1.655991] [drm]   GMR2.
[    1.655992] [drm]   Screen Object 2.
[    1.655992] [drm]   Command Buffers.
[    1.655993] [drm] Max GMR ids is 8192
[    1.655993] [drm] Max number of GMR pages is 1048576
[    1.655994] [drm] Max dedicated hypervisor surface memory is 507904 kiB
[    1.655994] [drm] Maximum display memory size is 16384 kiB
[    1.655995] [drm] VRAM at 0xe0000000 size is 16384 kiB
[    1.655995] [drm] MMIO at 0xf0000000 size is 2048 kiB
[    1.655996] [drm] global init.
[    1.656540] [TTM] Zone  kernel: Available graphics memory: 2018418 kiB
[    1.656547] [TTM] Initializing pool allocator
[    1.656551] [TTM] Initializing DMA pool allocator
[    1.656924] [drm] Supports vblank timestamp caching Rev 2 (21.10.2013).
[    1.656925] [drm] No driver support for vblank timestamp query.
[    1.657637] [drm] Screen Objects Display Unit initialized
[    1.657905] [drm] width 720
[    1.657913] [drm] height 400
[    1.657916] [drm] bpp 32
[    1.658055] [drm] Fifo max 0x00200000 min 0x00001000 cap 0x00000355
[    1.658348] [drm] Using command buffers with DMA pool.
[    1.658356] [drm] DX: no.
[    1.658356] [drm] Atomic: yes.
[    1.658357] [drm] SM4_1: no.
[    1.658383] [drm:vmw_host_log [vmwgfx]] *ERROR* Failed to send host log message.
[    1.659169] [drm:vmw_host_log [vmwgfx]] *ERROR* Failed to send host log message.
[    1.666523] fbcon: svgadrmfb (fb0) is primary device
[    1.668097] Console: switching to colour frame buffer device 100x37
[    1.668812] [drm] Initialized vmwgfx 2.15.0 20180704 for 0000:00:02.0 on minor 0
[    1.870340] input: ImExPS/2 Generic Explorer Mouse as /devices/platform/i8042/serio1/input/input5
[    1.962688] ata3: SATA link up 3.0 Gbps (SStatus 123 SControl 300)
[    1.962899] ata3.00: ATA-6: VBOX HARDDISK, 1.0, max UDMA/133
[    1.962901] ata3.00: 73400320 sectors, multi 128: LBA48 NCQ (depth 32)
[    1.963289] ata3.00: configured for UDMA/133
[    1.963480] scsi 2:0:0:0: Direct-Access     ATA      VBOX HARDDISK    1.0  PQ: 0 ANSI: 5
[    1.963625] sd 2:0:0:0: [sda] 73400320 512-byte logical blocks: (37.6 GB/35.0 GiB)
[    1.963631] sd 2:0:0:0: [sda] Write Protect is off
[    1.963632] sd 2:0:0:0: [sda] Mode Sense: 00 3a 00 00
[    1.963640] sd 2:0:0:0: [sda] Write cache: enabled, read cache: enabled, doesn't support DPO or FUA
[    1.963750] sd 2:0:0:0: Attached scsi generic sg1 type 0
[    1.971189] usb 2-1: new full-speed USB device number 2 using ohci-pci
[    1.971448]  sda: sda1
[    1.971841] sd 2:0:0:0: [sda] Attached SCSI disk
[    2.011182] e1000 0000:00:03.0 eth0: (PCI:33MHz:32-bit) 08:00:27:cd:81:fb
[    2.011187] e1000 0000:00:03.0 eth0: Intel(R) PRO/1000 Network Connection
[    2.012212] e1000 0000:00:03.0 enp0s3: renamed from eth0
[    2.079496] EXT4-fs (sda1): mounted filesystem with ordered data mode. Opts: (null)
[    2.096396] random: fast init done
[    2.237162] systemd[1]: systemd 237 running in system mode. (+PAM +AUDIT +SELINUX +IMA +APPARMOR +SMACK +SYSVINIT +UTMP +LIBCRYPTSETUP +GCRYPT +GNUTLS +ACL +XZ +LZ4 +SECCOMP +BLKID +ELFUTILS +KMOD -IDN2 +IDN -PCRE2 default-hierarchy=hybrid)
[    2.237211] systemd[1]: Detected virtualization oracle.
[    2.237218] systemd[1]: Detected architecture x86-64.
[    2.241851] systemd[1]: Set hostname to <jeong-VirtualBox>.
[    2.285077] usb 2-1: New USB device found, idVendor=80ee, idProduct=0021, bcdDevice= 1.00
[    2.285078] usb 2-1: New USB device strings: Mfr=1, Product=3, SerialNumber=0
[    2.285079] usb 2-1: Product: USB Tablet
[    2.285080] usb 2-1: Manufacturer: VirtualBox
[    2.412425] random: systemd: uninitialized urandom read (16 bytes read)
[    2.412436] systemd[1]: Reached target User and Group Name Lookups.
[    2.412486] random: systemd: uninitialized urandom read (16 bytes read)
[    2.412491] systemd[1]: Reached target System Time Synchronized.
[    2.412499] random: systemd: uninitialized urandom read (16 bytes read)
[    2.412504] systemd[1]: Reached target Mounting snaps.
[    2.412638] systemd[1]: Created slice System Slice.
[    2.412710] systemd[1]: Listening on Journal Socket.
[    2.413741] systemd[1]: Starting Load Kernel Modules...
[    2.463469] EXT4-fs (sda1): re-mounted. Opts: errors=remount-ro
[    2.489440] systemd-journald[380]: Received request to flush runtime journal from PID 1
[    2.511053] Adding 1697968k swap on /swapfile.  Priority:-2 extents:5 across:1730736k FS
[    2.630206] lp: driver loaded but no devices found
[    2.646091] ppdev: user-space parallel port driver
[    2.887128] vboxguest: loading out-of-tree module taints kernel.
[    2.887223] vboxguest: module verification failed: signature and/or required key missing - tainting kernel
[    2.892159] vgdrvHeartbeatInit: Setting up heartbeat to trigger every 2000 milliseconds
[    2.892310] Host supports full mouse state reporting, switching to extended mouse integration protocol
[    2.892352] input: VirtualBox mouse integration as /devices/pci0000:00/0000:00:04.0/input/input6
[    2.893774] vboxguest: Successfully loaded version 7.0.14 r161095
[    2.893817] vboxguest: misc device minor 55, IRQ 20, I/O port d040, MMIO at 00000000f0400000 (size 0x400000)
[    2.893818] vboxguest: Successfully loaded version 7.0.14 r161095 (interface 0x00010004)
[    2.905396] RAPL PMU: API unit is 2^-32 Joules, 5 fixed counters, 10737418240 ms ovfl timer
[    2.905397] RAPL PMU: hw unit of domain pp0-core 2^-0 Joules
[    2.905398] RAPL PMU: hw unit of domain package 2^-0 Joules
[    2.905398] RAPL PMU: hw unit of domain dram 2^-0 Joules
[    2.905399] RAPL PMU: hw unit of domain pp1-gpu 2^-0 Joules
[    2.905399] RAPL PMU: hw unit of domain psys 2^-0 Joules
[    2.911425] cryptd: max_cpu_qlen set to 1000
[    3.041864] AVX2 version of gcm_enc/dec engaged.
[    3.041865] AES CTR mode by8 optimization enabled
[    3.251500] hidraw: raw HID events driver (C) Jiri Kosina
[    3.270767] usbcore: registered new interface driver usbhid
[    3.270768] usbhid: USB HID core driver
[    3.336071] input: VirtualBox USB Tablet as /devices/pci0000:00/0000:00:06.0/usb2/2-1/2-1:1.0/0003:80EE:0021.0001/input/input7
[    3.336301] hid-generic 0003:80EE:0021.0001: input,hidraw0: USB HID v1.10 Mouse [VirtualBox USB Tablet] on usb-0000:00:06.0-1/input0
[    3.560276] audit: type=1400 audit(1716831994.508:2): apparmor="STATUS" operation="profile_load" profile="unconfined" name="/usr/bin/man" pid=704 comm="apparmor_parser"
[    3.560279] audit: type=1400 audit(1716831994.508:3): apparmor="STATUS" operation="profile_load" profile="unconfined" name="man_filter" pid=704 comm="apparmor_parser"
[    3.560280] audit: type=1400 audit(1716831994.508:4): apparmor="STATUS" operation="profile_load" profile="unconfined" name="man_groff" pid=704 comm="apparmor_parser"
[    3.588630] audit: type=1400 audit(1716831994.536:5): apparmor="STATUS" operation="profile_load" profile="unconfined" name="libreoffice-senddoc" pid=708 comm="apparmor_parser"
[    3.594821] audit: type=1400 audit(1716831994.540:6): apparmor="STATUS" operation="profile_load" profile="unconfined" name="libreoffice-oopslash" pid=705 comm="apparmor_parser"
[    3.600009] audit: type=1400 audit(1716831994.548:7): apparmor="STATUS" operation="profile_load" profile="unconfined" name="/sbin/dhclient" pid=701 comm="apparmor_parser"
[    3.600013] audit: type=1400 audit(1716831994.548:8): apparmor="STATUS" operation="profile_load" profile="unconfined" name="/usr/lib/NetworkManager/nm-dhcp-client.action" pid=701 comm="apparmor_parser"
[    3.600016] audit: type=1400 audit(1716831994.548:9): apparmor="STATUS" operation="profile_load" profile="unconfined" name="/usr/lib/NetworkManager/nm-dhcp-helper" pid=701 comm="apparmor_parser"
[    3.600018] audit: type=1400 audit(1716831994.548:10): apparmor="STATUS" operation="profile_load" profile="unconfined" name="/usr/lib/connman/scripts/dhclient-script" pid=701 comm="apparmor_parser"
[    3.836230] snd_intel8x0 0000:00:05.0: white list rate for 1028:0177 is 48000
[    3.948166] random: crng init done
[    3.948167] random: 7 urandom warning(s) missed due to ratelimiting
[    4.731205] IPv6: ADDRCONF(NETDEV_UP): enp0s3: link is not ready
[    4.732747] IPv6: ADDRCONF(NETDEV_UP): enp0s3: link is not ready
[    4.738603] e1000: enp0s3 NIC Link is Up 1000 Mbps Full Duplex, Flow Control: RX
[    4.738883] IPv6: ADDRCONF(NETDEV_CHANGE): enp0s3: link becomes ready
[    4.925551] 17:46:35.875400 main     VBoxService 7.0.14 r161095 (verbosity: 0) linux.amd64 (Jan 15 2024 15:01:58) release log
               17:46:35.875402 main     Log opened 2024-05-27T17:46:35.875395000Z
[    4.925600] 17:46:35.875509 main     OS Product: Linux
[    4.925631] 17:46:35.875545 main     OS Release: 4.20.11.sslab
[    4.925662] 17:46:35.875575 main     OS Version: #32 SMP Thu May 23 03:30:57 KST 2024
[    4.925710] 17:46:35.875606 main     Executable: /opt/VBoxGuestAdditions-7.0.14/sbin/VBoxService
               17:46:35.875606 main     Process ID: 1105
               17:46:35.875607 main     Package type: LINUX_64BITS_GENERIC
[    4.928466] 17:46:35.878355 main     7.0.14 r161095 started. Verbose level = 0
[    4.929085] 17:46:35.878965 main     vbglR3GuestCtrlDetectPeekGetCancelSupport: Supported (#1)
[    8.624342] [drm:vmw_sou_crtc_page_flip [vmwgfx]] *ERROR* Page flip error -16.
[   13.986339] rfkill: input handler disabled
[   15.219261] ISO 9660 Extensions: Microsoft Joliet Level 3
[   15.223320] ISO 9660 Extensions: RRIP_1991A
[   84.900682] Working: A
[   85.002645] Working: A
[   85.103297] Working: A
[   85.205482] Working: A
[   85.315920] Working: A
[   85.416578] Working: A
[   85.517079] Working: A
[   85.627004] Working: A
[   85.727203] Working: A
[   85.838232] Working: A
[   85.911756] Switch progarm to -------> B
[   85.911757] Working Denied:B
[   85.939562] Working Denied:A
[   86.012701] Working: B
[   86.056557] Working Denied:A
[   86.112888] Working: B
[   86.157296] Working Denied:A
[   86.214961] Working: B
[   86.257875] Working Denied:A
[   86.353043] Working: B
[   86.360808] Working Denied:A
[   86.458370] Working: B
[   86.462277] Working Denied:A
[   86.559295] Working: B
[   86.562357] Working Denied:A
[   86.666385] Working: B
[   86.670342] Working Denied:A
[   86.766584] Working: B
[   86.770809] Working Denied:A
[   86.867836] Working: B
[   86.872189] Working Denied:A
[   86.900126] Switch progarm to -------> C
[   86.900127] Working Denied:C
[   86.969743] Working Denied:B
[   86.973679] Working Denied:A
[   87.003981] Working: C
[   87.072669] Working Denied:B
[   87.074708] Working Denied:A
[   87.118924] Working: C
[   87.172885] Working Denied:B
[   87.176145] Working Denied:A
[   87.220883] Working: C
[   87.279958] Working Denied:B
[   87.280048] Working Denied:A
[   87.321595] Working: C
[   87.380098] Working Denied:B
[   87.393336] Working Denied:A
[   87.422527] Working: C
[   87.521349] Working Denied:B
[   87.521362] Working Denied:A
[   87.523239] Working: C
[   87.638814] Working Denied:B
[   87.638826] Working Denied:A
[   87.638899] Working: C
[   87.739152] Working: C
[   87.740200] Working Denied:A
[   87.740210] Working Denied:B
[   87.856234] Working Denied:A
[   87.856245] Working Denied:B
[   87.856321] Working: C
[   87.956439] Working Denied:A
[   87.956448] Working Denied:B
[   87.956666] Working: C
[   88.093893] Working Denied:A
[   88.093916] Working Denied:B
[   88.093965] Working: C
[   88.194317] Working Denied:A
[   88.194328] Working Denied:B
[   88.194633] Working: C
[   88.314265] Working Denied:A
[   88.314277] Working Denied:B
[   88.314337] Working: C
[   88.415497] Working: C
[   88.415555] Working Denied:A
[   88.415565] Working Denied:B
[   88.515841] Working Denied:A
[   88.515851] Working Denied:B
[   88.518554] Working: C
[   88.629412] Working Denied:B
[   88.629425] Working Denied:A
[   88.629689] Working: C
[   88.730185] Working Denied:A
[   88.730197] Working Denied:B
[   88.730308] Working: C
[   88.843261] Working Denied:B
[   88.843272] Working Denied:A
[   88.843279] Working: C
[   88.953988] Working Denied:A
[   88.954000] Working Denied:B
[   88.954008] Working: C
[   89.056339] Working Denied:B
[   89.056348] Working: C
[   89.056356] Working Denied:A
[   89.156867] Working: C
[   89.156892] Working Denied:B
[   89.156899] Working Denied:A
[   89.270624] Working Denied:A
[   89.270638] Working: C
[   89.270646] Working Denied:B
[   89.382285] Working: C
[   89.382297] Working Denied:B
[   89.382305] Working Denied:A
[   89.498013] Working Denied:A
[   89.498047] Working Denied:B
[   89.498058] Working: C
[   89.613572] Working: C
[   89.613603] Working Denied:A
[   89.613612] Working Denied:B
[   89.714568] Working Denied:A
[   89.714577] Working Denied:B
[   89.714585] Working: C
[   89.815789] Working Denied:B
[   89.815802] Working Denied:A
[   89.815810] Working: C
[   89.916269] Working Denied:A
[   89.916282] Working Denied:B
[   89.916291] Working: C
[   90.026147] Working Denied:B
[   90.026156] Working Denied:A
[   90.026164] Working: C
[   90.126473] Working Denied:B
[   90.126485] Working Denied:A
[   90.126493] Working: C
[   90.227548] Working Denied:A
[   90.227560] Working Denied:B
[   90.227568] Process Finished: C
[   90.329760] Working: B
[   90.329772] Working Denied:A
[   90.430462] Working Denied:A
[   90.430510] Working: B
[   90.548999] Working: B
[   90.549009] Working Denied:A
[   90.685611] Working: B
[   90.685622] Working Denied:A
[   90.785696] Working: B
[   90.785709] Working Denied:A
[   90.887962] Working: B
[   90.887974] Working Denied:A
[   90.989680] Working: B
[   90.989689] Working Denied:A
[   91.093378] Working Denied:A
[   91.093389] Working: B
[   91.206185] Working: B
[   91.206198] Working Denied:A
[   91.306835] Working Denied:A
[   91.306849] Working: B
[   91.407377] Working Denied:A
[   91.407388] Working: B
[   91.514593] Working Denied:A
[   91.514605] Working: B
[   91.619048] Working: B
[   91.619059] Working Denied:A
[   91.724021] Working Denied:A
[   91.724033] Working: B
[   91.827507] Working: B
[   91.827517] Working Denied:A
[   91.928088] Working Denied:A
[   91.928110] Working: B
[   92.033051] Working: B
[   92.033062] Working Denied:A
[   92.133294] Working Denied:A
[   92.133306] Working: B
[   92.233942] Working: B
[   92.233953] Working Denied:A
[   92.345453] Working: B
[   92.345466] Working Denied:A
[   92.480364] Working: B
[   92.480396] Working Denied:A
[   92.584593] Working: B
[   92.584606] Working Denied:A
[   92.685997] Working: B
[   92.686010] Working Denied:A
[   92.786665] Working Denied:A
[   92.786677] Working: B
[   92.900720] Working: B
[   92.900733] Working Denied:A
[   93.001325] Working: B
[   93.001336] Working Denied:A
[   93.101597] Working: B
[   93.101608] Working Denied:A
[   93.215872] Working Denied:A
[   93.215884] Working: B
[   93.320995] Working: B
[   93.321007] Working Denied:A
[   93.421458] Working Denied:A
[   93.421469] Working: B
[   93.525444] Working: B
[   93.525458] Working Denied:A
[   93.626404] Working Denied:A
[   93.626416] Working: B
[   93.748169] Working: B
[   93.748181] Working Denied:A
[   93.855834] Working Denied:A
[   93.855844] Working: B
[   93.956794] Working: B
[   93.956806] Working Denied:A
[   94.058285] Working Denied:A
[   94.058297] Working: B
[   94.166175] Working: B
[   94.166187] Working Denied:A
[   94.274241] Working Denied:A
[   94.274253] Working: B
[   94.378871] Working: B
[   94.378884] Working Denied:A
[   94.480208] Working Denied:A
[   94.480220] Working: B
[   94.600309] Working Denied:A
[   94.600321] Working: B
[   94.701460] Process Finished: B
[   94.701795] Working: A
[   94.804952] Working: A
[   94.906263] Working: A
[   95.018174] Working: A
[   95.150571] Working: A
[   95.250678] Working: A
[   95.351642] Working: A
[   95.504486] Working: A
[   95.607355] Working: A
[   95.735699] Working: A
[   95.840021] Working: A
[   95.940705] Working: A
[   96.062508] Working: A
[   96.163692] Working: A
[   96.265771] Working: A
[   96.379293] Working: A
[   96.480422] Working: A
[   96.629440] Working: A
[   96.769612] Working: A
[   96.899148] Working: A
[   97.012852] Working: A
[   97.126831] Working: A
[   97.232461] Working: A
[   97.333338] Working: A
[   97.433875] Working: A
[   97.569453] Working: A
[   97.674776] Working: A
[   97.775165] Working: A
[   97.875498] Working: A
[   97.978015] Working: A
[   98.099751] Working: A
[   98.237673] Working: A
[   98.338622] Working: A
[   98.442662] Working: A
[   98.594635] Working: A
[   98.708233] Working: A
[   98.851572] Working: A
[   98.951984] Working: A
[   99.074369] Working: A
[   99.174681] Working: A
[   99.282463] Working: A
[   99.393787] Working: A
[   99.494473] Working: A
[   99.595517] Working: A
[   99.705764] Working: A
[   99.806449] Working: A
[   99.911420] Working: A
[  100.011502] Working: A
[  100.130257] Working: A
[  100.254251] Working: A
[  100.354572] Working: A
[  100.506593] Working: A
[  100.607261] Working: A
[  100.708941] Working: A
[  100.857630] Working: A
[  100.989007] Working: A
[  101.089181] Working: A
[  101.197281] Working: A
[  101.302190] Working: A
[  101.402270] Working: A
[  101.542914] Process Finished: A
