[    0.000000] Linux version 4.20.11.sslab (root@jeong-VirtualBox) (gcc version 7.5.0 (Ubuntu 7.5.0-3ubuntu1~18.04)) #32 SMP Thu May 23 03:30:57 KST 2024
[    0.000000] Command line: BOOT_IMAGE=/boot/vmlinuz-4.20.11.sslab root=UUID=b6f00a66-ca81-4cf9-909d-952ed4d9f250 ro quiet splash
[    0.000000] KERNEL supported cpus:
[    0.000000]   Intel GenuineIntel
[    0.000000]   AMD AuthenticAMD
[    0.000000]   Hygon HygonGenuine
[    0.000000]   Centaur CentaurHauls
[    0.000000] x86/fpu: Supporting XSAVE feature 0x001: 'x87 floating point registers'
[    0.000000] x86/fpu: Supporting XSAVE feature 0x002: 'SSE registers'
[    0.000000] x86/fpu: Supporting XSAVE feature 0x004: 'AVX registers'
[    0.000000] x86/fpu: xstate_offset[2]:  576, xstate_sizes[2]:  256
[    0.000000] x86/fpu: Enabled xstate features 0x7, context size is 832 bytes, using 'standard' format.
[    0.000000] BIOS-provided physical RAM map:
[    0.000000] BIOS-e820: [mem 0x0000000000000000-0x000000000009fbff] usable
[    0.000000] BIOS-e820: [mem 0x000000000009fc00-0x000000000009ffff] reserved
[    0.000000] BIOS-e820: [mem 0x00000000000f0000-0x00000000000fffff] reserved
[    0.000000] BIOS-e820: [mem 0x0000000000100000-0x00000000dffeffff] usable
[    0.000000] BIOS-e820: [mem 0x00000000dfff0000-0x00000000dfffffff] ACPI data
[    0.000000] BIOS-e820: [mem 0x00000000fec00000-0x00000000fec00fff] reserved
[    0.000000] BIOS-e820: [mem 0x00000000fee00000-0x00000000fee00fff] reserved
[    0.000000] BIOS-e820: [mem 0x00000000fffc0000-0x00000000ffffffff] reserved
[    0.000000] BIOS-e820: [mem 0x0000000100000000-0x000000011fffffff] usable
[    0.000000] NX (Execute Disable) protection: active
[    0.000000] SMBIOS 2.5 present.
[    0.000000] DMI: innotek GmbH VirtualBox/VirtualBox, BIOS VirtualBox 12/01/2006
[    0.000000] Hypervisor detected: KVM
[    0.000000] kvm-clock: Using msrs 4b564d01 and 4b564d00
[    0.000000] kvm-clock: cpu 0, msr 117001001, primary cpu clock
[    0.000000] kvm-clock: using sched offset of 6976688953 cycles
[    0.000002] clocksource: kvm-clock: mask: 0xffffffffffffffff max_cycles: 0x1cd42e4dffb, max_idle_ns: 881590591483 ns
[    0.000003] tsc: Detected 1799.999 MHz processor
[    0.002782] e820: update [mem 0x00000000-0x00000fff] usable ==> reserved
[    0.002783] e820: remove [mem 0x000a0000-0x000fffff] usable
[    0.002787] last_pfn = 0x120000 max_arch_pfn = 0x400000000
[    0.002797] MTRR default type: uncachable
[    0.002797] MTRR variable ranges disabled:
[    0.002799] Disabled
[    0.002800] x86/PAT: MTRRs disabled, skipping PAT initialization too.
[    0.002802] CPU MTRRs all blank - virtualized system.
[    0.002804] x86/PAT: Configuration [0-7]: WB  WT  UC- UC  WB  WT  UC- UC  
[    0.002807] last_pfn = 0xdfff0 max_arch_pfn = 0x400000000
[    0.002860] found SMP MP-table at [mem 0x0009fff0-0x0009ffff] mapped at [(____ptrval____)]
[    0.078849] check: Scanning 1 areas for low memory corruption
[    0.078854] Base memory trampoline at [(____ptrval____)] 99000 size 24576
[    0.078879] BRK [0x117201000, 0x117201fff] PGTABLE
[    0.078881] BRK [0x117202000, 0x117202fff] PGTABLE
[    0.078882] BRK [0x117203000, 0x117203fff] PGTABLE
[    0.078904] BRK [0x117204000, 0x117204fff] PGTABLE
[    0.078906] BRK [0x117205000, 0x117205fff] PGTABLE
[    0.078963] BRK [0x117206000, 0x117206fff] PGTABLE
[    0.078972] BRK [0x117207000, 0x117207fff] PGTABLE
[    0.078981] BRK [0x117208000, 0x117208fff] PGTABLE
[    0.078998] BRK [0x117209000, 0x117209fff] PGTABLE
[    0.079018] RAMDISK: [mem 0x30501000-0x34277fff]
[    0.079030] ACPI: Early table checksum verification disabled
[    0.079050] ACPI: RSDP 0x00000000000E0000 000024 (v02 VBOX  )
[    0.079054] ACPI: XSDT 0x00000000DFFF0030 00003C (v01 VBOX   VBOXXSDT 00000001 ASL  00000061)
[    0.079059] ACPI: FACP 0x00000000DFFF00F0 0000F4 (v04 VBOX   VBOXFACP 00000001 ASL  00000061)
[    0.079064] ACPI: DSDT 0x00000000DFFF0620 002353 (v02 VBOX   VBOXBIOS 00000002 INTL 20100528)
[    0.079067] ACPI: FACS 0x00000000DFFF0200 000040
[    0.079070] ACPI: FACS 0x00000000DFFF0200 000040
[    0.079072] ACPI: APIC 0x00000000DFFF0240 00006C (v02 VBOX   VBOXAPIC 00000001 ASL  00000061)
[    0.079075] ACPI: SSDT 0x00000000DFFF02B0 00036C (v01 VBOX   VBOXCPUT 00000002 INTL 20100528)
[    0.079083] ACPI: Local APIC address 0xfee00000
[    0.079302] No NUMA configuration found
[    0.079303] Faking a node at [mem 0x0000000000000000-0x000000011fffffff]
[    0.079309] NODE_DATA(0) allocated [mem 0x11ffd5000-0x11fffffff]
[    0.079978] Zone ranges:
[    0.079980]   DMA      [mem 0x0000000000001000-0x0000000000ffffff]
[    0.079981]   DMA32    [mem 0x0000000001000000-0x00000000ffffffff]
[    0.079982]   Normal   [mem 0x0000000100000000-0x000000011fffffff]
[    0.079983]   Device   empty
[    0.079984] Movable zone start for each node
[    0.079986] Early memory node ranges
[    0.079987]   node   0: [mem 0x0000000000001000-0x000000000009efff]
[    0.079987]   node   0: [mem 0x0000000000100000-0x00000000dffeffff]
[    0.079987]   node   0: [mem 0x0000000100000000-0x000000011fffffff]
[    0.080493] Zeroed struct page in unavailable ranges: 114 pages
[    0.080495] Initmem setup node 0 [mem 0x0000000000001000-0x000000011fffffff]
[    0.080497] On node 0 totalpages: 1048462
[    0.080498]   DMA zone: 64 pages used for memmap
[    0.080498]   DMA zone: 21 pages reserved
[    0.080499]   DMA zone: 3998 pages, LIFO batch:0
[    0.080635]   DMA32 zone: 14272 pages used for memmap
[    0.080635]   DMA32 zone: 913392 pages, LIFO batch:63
[    0.102339]   Normal zone: 2048 pages used for memmap
[    0.102340]   Normal zone: 131072 pages, LIFO batch:31
[    0.105786] ACPI: PM-Timer IO Port: 0x4008
[    0.105789] ACPI: Local APIC address 0xfee00000
[    0.105844] IOAPIC[0]: apic_id 4, version 32, address 0xfec00000, GSI 0-23
[    0.105847] ACPI: INT_SRC_OVR (bus 0 bus_irq 0 global_irq 2 dfl dfl)
[    0.105848] ACPI: INT_SRC_OVR (bus 0 bus_irq 9 global_irq 9 low level)
[    0.105849] ACPI: IRQ0 used by override.
[    0.105850] ACPI: IRQ9 used by override.
[    0.105852] Using ACPI (MADT) for SMP configuration information
[    0.105857] smpboot: Allowing 4 CPUs, 0 hotplug CPUs
[    0.105874] PM: Registered nosave memory: [mem 0x00000000-0x00000fff]
[    0.105875] PM: Registered nosave memory: [mem 0x0009f000-0x0009ffff]
[    0.105875] PM: Registered nosave memory: [mem 0x000a0000-0x000effff]
[    0.105876] PM: Registered nosave memory: [mem 0x000f0000-0x000fffff]
[    0.105876] PM: Registered nosave memory: [mem 0xdfff0000-0xdfffffff]
[    0.105877] PM: Registered nosave memory: [mem 0xe0000000-0xfebfffff]
[    0.105877] PM: Registered nosave memory: [mem 0xfec00000-0xfec00fff]
[    0.105877] PM: Registered nosave memory: [mem 0xfec01000-0xfedfffff]
[    0.105896] PM: Registered nosave memory: [mem 0xfee00000-0xfee00fff]
[    0.105897] PM: Registered nosave memory: [mem 0xfee01000-0xfffbffff]
[    0.105898] PM: Registered nosave memory: [mem 0xfffc0000-0xffffffff]
[    0.105900] [mem 0xe0000000-0xfebfffff] available for PCI devices
[    0.105901] Booting paravirtualized kernel on KVM
[    0.105904] clocksource: refined-jiffies: mask: 0xffffffff max_cycles: 0xffffffff, max_idle_ns: 7645519600211568 ns
[    0.105912] random: get_random_bytes called from start_kernel+0x97/0x526 with crng_init=0
[    0.105916] setup_percpu: NR_CPUS:8192 nr_cpumask_bits:4 nr_cpu_ids:4 nr_node_ids:1
[    0.106215] percpu: Embedded 46 pages/cpu @(____ptrval____) s151552 r8192 d28672 u524288
[    0.106219] pcpu-alloc: s151552 r8192 d28672 u524288 alloc=1*2097152
[    0.106220] pcpu-alloc: [0] 0 1 2 3 
[    0.106238] PV qspinlock hash table entries: 256 (order: 0, 4096 bytes)
[    0.106242] Built 1 zonelists, mobility grouping on.  Total pages: 1032057
[    0.106243] Policy zone: Normal
[    0.106244] Kernel command line: BOOT_IMAGE=/boot/vmlinuz-4.20.11.sslab root=UUID=b6f00a66-ca81-4cf9-909d-952ed4d9f250 ro quiet splash
[    0.113478] Calgary: detecting Calgary via BIOS EBDA area
[    0.113481] Calgary: Unable to locate Rio Grande table in EBDA - bailing!
[    0.122566] Memory: 3965388K/4193848K available (14341K kernel code, 2321K rwdata, 4156K rodata, 2464K init, 5328K bss, 228460K reserved, 0K cma-reserved)
[    0.122883] SLUB: HWalign=64, Order=0-3, MinObjects=0, CPUs=4, Nodes=1
[    0.122888] Kernel/User page tables isolation: enabled
[    0.122900] ftrace: allocating 41137 entries in 161 pages
[    0.136447] rcu: Hierarchical RCU implementation.
[    0.136448] rcu: 	RCU restricting CPUs from NR_CPUS=8192 to nr_cpu_ids=4.
[    0.136449] 	Tasks RCU enabled.
[    0.136450] rcu: RCU calculated value of scheduler-enlistment delay is 25 jiffies.
[    0.136450] rcu: Adjusting geometry for rcu_fanout_leaf=16, nr_cpu_ids=4
[    0.138707] NR_IRQS: 524544, nr_irqs: 456, preallocated irqs: 16
[    0.146747] Console: colour VGA+ 80x25
[    0.146751] printk: console [tty0] enabled
[    0.146767] ACPI: Core revision 20181003
[    0.146898] APIC: Switch to symmetric I/O mode setup
[    0.147100] x2apic enabled
[    0.147296] Switched APIC routing to physical x2apic.
[    0.148262] ..TIMER: vector=0x30 apic1=0 pin1=2 apic2=-1 pin2=-1
[    0.148282] clocksource: tsc-early: mask: 0xffffffffffffffff max_cycles: 0x19f228ab7a2, max_idle_ns: 440795289252 ns
[    0.148298] Calibrating delay loop (skipped) preset value.. 3599.99 BogoMIPS (lpj=7199996)
[    0.148300] pid_max: default: 32768 minimum: 301
[    0.148328] LSM: Security Framework initializing
[    0.148330] Yama: becoming mindful.
[    0.148347] AppArmor: AppArmor initialized
[    0.149199] Dentry cache hash table entries: 524288 (order: 10, 4194304 bytes)
[    0.149575] Inode-cache hash table entries: 262144 (order: 9, 2097152 bytes)
[    0.149591] Mount-cache hash table entries: 8192 (order: 4, 65536 bytes)
[    0.149596] Mountpoint-cache hash table entries: 8192 (order: 4, 65536 bytes)
[    0.149857] mce: CPU supports 0 MCE banks
[    0.149871] Last level iTLB entries: 4KB 64, 2MB 8, 4MB 8
[    0.149872] Last level dTLB entries: 4KB 64, 2MB 0, 4MB 0, 1GB 4
[    0.149873] Spectre V2 : Mitigation: Full generic retpoline
[    0.149874] Spectre V2 : Spectre v2 / SpectreRSB mitigation: Filling RSB on context switch
[    0.149874] Speculative Store Bypass: Vulnerable
[    0.150008] Freeing SMP alternatives memory: 36K
[    0.156284] smpboot: CPU0: Intel(R) Core(TM) i5-8250U CPU @ 1.60GHz (family: 0x6, model: 0x8e, stepping: 0xa)
[    0.156284] Performance Events: unsupported p6 CPU model 142 no PMU driver, software events only.
[    0.156284] rcu: Hierarchical SRCU implementation.
[    0.156284] NMI watchdog: Perf NMI watchdog permanently disabled
[    0.156284] smp: Bringing up secondary CPUs ...
[    0.156284] x86: Booting SMP configuration:
[    0.156284] .... node  #0, CPUs:      #1
[    0.013317] kvm-clock: cpu 1, msr 117001041, secondary cpu clock
[    0.013317] mce: CPU supports 0 MCE banks
[    0.156284]  #2
[    0.013317] kvm-clock: cpu 2, msr 117001081, secondary cpu clock
[    0.013317] mce: CPU supports 0 MCE banks
[    0.158434]  #3
[    0.013317] kvm-clock: cpu 3, msr 1170010c1, secondary cpu clock
[    0.013317] mce: CPU supports 0 MCE banks
[    0.160315] smp: Brought up 1 node, 4 CPUs
[    0.160315] smpboot: Max logical packages: 1
[    0.160315] smpboot: Total of 4 processors activated (14399.99 BogoMIPS)
[    0.160547] devtmpfs: initialized
[    0.160547] x86/mm: Memory block size: 128MB
[    0.160619] clocksource: jiffies: mask: 0xffffffff max_cycles: 0xffffffff, max_idle_ns: 7645041785100000 ns
[    0.160619] futex hash table entries: 1024 (order: 4, 65536 bytes)
[    0.160619] pinctrl core: initialized pinctrl subsystem
[    0.160619] RTC time: 17:30:48, date: 05/27/24
[    0.160634] NET: Registered protocol family 16
[    0.160694] audit: initializing netlink subsys (disabled)
[    0.160714] audit: type=2000 audit(1716831056.808:1): state=initialized audit_enabled=0 res=1
[    0.160714] cpuidle: using governor ladder
[    0.160714] cpuidle: using governor menu
[    0.160714] ACPI: bus type PCI registered
[    0.160714] acpiphp: ACPI Hot Plug PCI Controller Driver version: 0.5
[    0.160714] PCI: Using configuration type 1 for base access
[    0.164300] HugeTLB registered 2.00 MiB page size, pre-allocated 0 pages
[    0.164797] ACPI: Added _OSI(Module Device)
[    0.164797] ACPI: Added _OSI(Processor Device)
[    0.164797] ACPI: Added _OSI(3.0 _SCP Extensions)
[    0.164797] ACPI: Added _OSI(Processor Aggregator Device)
[    0.164797] ACPI: Added _OSI(Linux-Dell-Video)
[    0.164797] ACPI: Added _OSI(Linux-Lenovo-NV-HDMI-Audio)
[    0.166300] ACPI: 2 ACPI AML tables successfully acquired and loaded
[    0.168664] ACPI: Interpreter enabled
[    0.168675] ACPI: (supports S0 S5)
[    0.168676] ACPI: Using IOAPIC for interrupt routing
[    0.168901] PCI: Using host bridge windows from ACPI; if necessary, use "pci=nocrs" and report a bug
[    0.169010] ACPI: Enabled 2 GPEs in block 00 to 07
[    0.173562] ACPI: PCI Root Bridge [PCI0] (domain 0000 [bus 00-ff])
[    0.173566] acpi PNP0A03:00: _OSC: OS supports [ASPM ClockPM Segments MSI]
[    0.173960] acpi PNP0A03:00: _OSC: not requesting OS control; OS requires [ExtendedConfig ASPM ClockPM MSI]
[    0.173967] acpi PNP0A03:00: fail to add MMCONFIG information, can't access extended PCI configuration space under this bridge.
[    0.174327] PCI host bridge to bus 0000:00
[    0.174329] pci_bus 0000:00: root bus resource [io  0x0000-0x0cf7 window]
[    0.174330] pci_bus 0000:00: root bus resource [io  0x0d00-0xffff window]
[    0.174330] pci_bus 0000:00: root bus resource [mem 0x000a0000-0x000bffff window]
[    0.174331] pci_bus 0000:00: root bus resource [mem 0xe0000000-0xfdffffff window]
[    0.174333] pci_bus 0000:00: root bus resource [bus 00-ff]
[    0.174367] pci 0000:00:00.0: [8086:1237] type 00 class 0x060000
[    0.175158] pci 0000:00:01.0: [8086:7000] type 00 class 0x060100
[    0.175790] pci 0000:00:01.1: [8086:7111] type 00 class 0x01018a
[    0.176360] pci 0000:00:01.1: reg 0x20: [io  0xd000-0xd00f]
[    0.176487] pci 0000:00:01.1: legacy IDE quirk: reg 0x10: [io  0x01f0-0x01f7]
[    0.176487] pci 0000:00:01.1: legacy IDE quirk: reg 0x14: [io  0x03f6]
[    0.176488] pci 0000:00:01.1: legacy IDE quirk: reg 0x18: [io  0x0170-0x0177]
[    0.176489] pci 0000:00:01.1: legacy IDE quirk: reg 0x1c: [io  0x0376]
[    0.176952] pci 0000:00:02.0: [15ad:0405] type 00 class 0x030000
[    0.179087] pci 0000:00:02.0: reg 0x10: [io  0xd010-0xd01f]
[    0.180596] pci 0000:00:02.0: reg 0x14: [mem 0xe0000000-0xe0ffffff pref]
[    0.184311] pci 0000:00:02.0: reg 0x18: [mem 0xf0000000-0xf01fffff]
[    0.192892] pci 0000:00:03.0: [8086:100e] type 00 class 0x020000
[    0.194828] pci 0000:00:03.0: reg 0x10: [mem 0xf0200000-0xf021ffff]
[    0.198470] pci 0000:00:03.0: reg 0x18: [io  0xd020-0xd027]
[    0.205173] pci 0000:00:04.0: [80ee:cafe] type 00 class 0x088000
[    0.206863] pci 0000:00:04.0: reg 0x10: [io  0xd040-0xd05f]
[    0.208337] pci 0000:00:04.0: reg 0x14: [mem 0xf0400000-0xf07fffff]
[    0.209882] pci 0000:00:04.0: reg 0x18: [mem 0xf0800000-0xf0803fff pref]
[    0.216996] pci 0000:00:05.0: [8086:2415] type 00 class 0x040100
[    0.217101] pci 0000:00:05.0: reg 0x10: [io  0xd100-0xd1ff]
[    0.217152] pci 0000:00:05.0: reg 0x14: [io  0xd200-0xd23f]
[    0.217867] pci 0000:00:06.0: [106b:003f] type 00 class 0x0c0310
[    0.220357] pci 0000:00:06.0: reg 0x10: [mem 0xf0804000-0xf0804fff]
[    0.230955] pci 0000:00:07.0: [8086:7113] type 00 class 0x068000
[    0.231295] pci 0000:00:07.0: quirk: [io  0x4000-0x403f] claimed by PIIX4 ACPI
[    0.231304] pci 0000:00:07.0: quirk: [io  0x4100-0x410f] claimed by PIIX4 SMB
[    0.232692] pci 0000:00:0b.0: [8086:265c] type 00 class 0x0c0320
[    0.234378] pci 0000:00:0b.0: reg 0x10: [mem 0xf0805000-0xf0805fff]
[    0.245280] pci 0000:00:0d.0: [8086:2829] type 00 class 0x010601
[    0.246936] pci 0000:00:0d.0: reg 0x10: [io  0xd240-0xd247]
[    0.248387] pci 0000:00:0d.0: reg 0x14: [io  0xd248-0xd24b]
[    0.249957] pci 0000:00:0d.0: reg 0x18: [io  0xd250-0xd257]
[    0.251511] pci 0000:00:0d.0: reg 0x1c: [io  0xd258-0xd25b]
[    0.252368] pci 0000:00:0d.0: reg 0x20: [io  0xd260-0xd26f]
[    0.253876] pci 0000:00:0d.0: reg 0x24: [mem 0xf0806000-0xf0807fff]
[    0.261376] ACPI: PCI Interrupt Link [LNKA] (IRQs 5 9 10 *11)
[    0.261660] ACPI: PCI Interrupt Link [LNKB] (IRQs 5 9 *10 11)
[    0.261760] ACPI: PCI Interrupt Link [LNKC] (IRQs 5 *9 10 11)
[    0.261859] ACPI: PCI Interrupt Link [LNKD] (IRQs 5 9 10 *11)
[    0.262091] pci 0000:00:02.0: vgaarb: setting as boot VGA device
[    0.262091] pci 0000:00:02.0: vgaarb: VGA device added: decodes=io+mem,owns=io+mem,locks=none
[    0.262091] pci 0000:00:02.0: vgaarb: bridge control possible
[    0.262091] vgaarb: loaded
[    0.262091] SCSI subsystem initialized
[    0.262091] libata version 3.00 loaded.
[    0.262091] ACPI: bus type USB registered
[    0.262091] usbcore: registered new interface driver usbfs
[    0.262091] usbcore: registered new interface driver hub
[    0.262091] usbcore: registered new device driver usb
[    0.262091] pps_core: LinuxPPS API ver. 1 registered
[    0.262091] pps_core: Software ver. 5.3.6 - Copyright 2005-2007 Rodolfo Giometti <giometti@linux.it>
[    0.262091] PTP clock support registered
[    0.262091] EDAC MC: Ver: 3.0.0
[    0.264458] PCI: Using ACPI for IRQ routing
[    0.264458] PCI: pci_cache_line_size set to 64 bytes
[    0.264481] e820: reserve RAM buffer [mem 0x0009fc00-0x0009ffff]
[    0.264484] e820: reserve RAM buffer [mem 0xdfff0000-0xdfffffff]
[    0.264591] NetLabel: Initializing
[    0.264592] NetLabel:  domain hash size = 128
[    0.264592] NetLabel:  protocols = UNLABELED CIPSOv4 CALIPSO
[    0.264605] NetLabel:  unlabeled traffic allowed by default
[    0.265524] clocksource: Switched to clocksource kvm-clock
[    0.273872] VFS: Disk quotas dquot_6.6.0
[    0.273883] VFS: Dquot-cache hash table entries: 512 (order 0, 4096 bytes)
[    0.273967] AppArmor: AppArmor Filesystem Enabled
[    0.273992] pnp: PnP ACPI init
[    0.274054] pnp 00:00: Plug and Play ACPI device, IDs PNP0303 (active)
[    0.274116] pnp 00:01: Plug and Play ACPI device, IDs PNP0f03 (active)
[    0.274827] pnp: PnP ACPI: found 2 devices
[    0.284398] clocksource: acpi_pm: mask: 0xffffff max_cycles: 0xffffff, max_idle_ns: 2085701024 ns
[    0.284408] pci_bus 0000:00: resource 4 [io  0x0000-0x0cf7 window]
[    0.284409] pci_bus 0000:00: resource 5 [io  0x0d00-0xffff window]
[    0.284410] pci_bus 0000:00: resource 6 [mem 0x000a0000-0x000bffff window]
[    0.284411] pci_bus 0000:00: resource 7 [mem 0xe0000000-0xfdffffff window]
[    0.284460] NET: Registered protocol family 2
[    0.284584] tcp_listen_portaddr_hash hash table entries: 2048 (order: 3, 32768 bytes)
[    0.284595] TCP established hash table entries: 32768 (order: 6, 262144 bytes)
[    0.284633] TCP bind hash table entries: 32768 (order: 7, 524288 bytes)
[    0.284684] TCP: Hash tables configured (established 32768 bind 32768)
[    0.284714] UDP hash table entries: 2048 (order: 4, 65536 bytes)
[    0.284722] UDP-Lite hash table entries: 2048 (order: 4, 65536 bytes)
[    0.284767] NET: Registered protocol family 1
[    0.284773] NET: Registered protocol family 44
[    0.284793] pci 0000:00:00.0: Limiting direct PCI/PCI transfers
[    0.284804] pci 0000:00:01.0: Activating ISA DMA hang workarounds
[    0.284846] pci 0000:00:02.0: Video device with shadowed ROM at [mem 0x000c0000-0x000dffff]
[    0.287163] PCI: CLS 0 bytes, default 64
[    0.287195] Unpacking initramfs...
[    0.972432] Freeing initrd memory: 62940K
[    0.972452] PCI-DMA: Using software bounce buffering for IO (SWIOTLB)
[    0.972453] software IO TLB: mapped [mem 0xdbff0000-0xdfff0000] (64MB)
[    0.972493] clocksource: tsc: mask: 0xffffffffffffffff max_cycles: 0x19f228ab7a2, max_idle_ns: 440795289252 ns
[    0.972510] platform rtc_cmos: registered platform RTC device (no PNP device found)
[    0.972510] check: Scanning for low memory corruption every 60 seconds
[    0.974376] Initialise system trusted keyrings
[    0.974382] Key type blacklist registered
[    0.974543] workingset: timestamp_bits=36 max_order=20 bucket_order=0
[    0.975892] zbud: loaded
[    0.976439] squashfs: version 4.0 (2009/01/31) Phillip Lougher
[    0.976807] fuse init (API version 7.28)
[    1.013297] Key type asymmetric registered
[    1.013298] Asymmetric key parser 'x509' registered
[    1.013313] Block layer SCSI generic (bsg) driver version 0.4 loaded (major 244)
[    1.013395] io scheduler noop registered
[    1.013396] io scheduler deadline registered
[    1.013430] io scheduler cfq registered (default)
[    1.013697] shpchp: Standard Hot Plug PCI Controller Driver version: 0.4
[    1.013749] intel_idle: Please enable MWAIT in BIOS SETUP
[    1.013862] ACPI: AC Adapter [AC] (on-line)
[    1.013899] input: Power Button as /devices/LNXSYSTM:00/LNXPWRBN:00/input/input0
[    1.013909] ACPI: Power Button [PWRF]
[    1.013965] input: Sleep Button as /devices/LNXSYSTM:00/LNXSLPBN:00/input/input1
[    1.013970] ACPI: Sleep Button [SLPF]
[    1.014350] Serial: 8250/16550 driver, 32 ports, IRQ sharing enabled
[    1.014928] battery: ACPI: Battery Slot [BAT0] (battery present)
[    1.016969] Linux agpgart interface v0.103
[    1.018513] loop: module loaded
[    1.018607] ata_piix 0000:00:01.1: version 2.13
[    1.019014] scsi host0: ata_piix
[    1.019221] scsi host1: ata_piix
[    1.019247] ata1: PATA max UDMA/33 cmd 0x1f0 ctl 0x3f6 bmdma 0xd000 irq 14
[    1.019248] ata2: PATA max UDMA/33 cmd 0x170 ctl 0x376 bmdma 0xd008 irq 15
[    1.019326] libphy: Fixed MDIO Bus: probed
[    1.019327] tun: Universal TUN/TAP device driver, 1.6
[    1.019537] PPP generic driver version 2.4.2
[    1.019644] ehci_hcd: USB 2.0 'Enhanced' Host Controller (EHCI) Driver
[    1.019646] ehci-pci: EHCI PCI platform driver
[    1.020210] ehci-pci 0000:00:0b.0: EHCI Host Controller
[    1.020215] ehci-pci 0000:00:0b.0: new USB bus registered, assigned bus number 1
[    1.020409] ehci-pci 0000:00:0b.0: irq 19, io mem 0xf0805000
[    1.077431] ehci-pci 0000:00:0b.0: USB 2.0 started, EHCI 1.00
[    1.077484] usb usb1: New USB device found, idVendor=1d6b, idProduct=0002, bcdDevice= 4.20
[    1.077485] usb usb1: New USB device strings: Mfr=3, Product=2, SerialNumber=1
[    1.077486] usb usb1: Product: EHCI Host Controller
[    1.077487] usb usb1: Manufacturer: Linux 4.20.11.sslab ehci_hcd
[    1.077488] usb usb1: SerialNumber: 0000:00:0b.0
[    1.077623] hub 1-0:1.0: USB hub found
[    1.077628] hub 1-0:1.0: 12 ports detected
[    1.077800] ehci-platform: EHCI generic platform driver
[    1.077811] ohci_hcd: USB 1.1 'Open' Host Controller (OHCI) Driver
[    1.077815] ohci-pci: OHCI PCI platform driver
[    1.078398] ohci-pci 0000:00:06.0: OHCI PCI host controller
[    1.078402] ohci-pci 0000:00:06.0: new USB bus registered, assigned bus number 2
[    1.078470] ohci-pci 0000:00:06.0: irq 22, io mem 0xf0804000
[    1.153386] usb usb2: New USB device found, idVendor=1d6b, idProduct=0001, bcdDevice= 4.20
[    1.153388] usb usb2: New USB device strings: Mfr=3, Product=2, SerialNumber=1
[    1.153389] usb usb2: Product: OHCI PCI host controller
[    1.153390] usb usb2: Manufacturer: Linux 4.20.11.sslab ohci_hcd
[    1.153391] usb usb2: SerialNumber: 0000:00:06.0
[    1.153593] hub 2-0:1.0: USB hub found
[    1.153634] hub 2-0:1.0: 12 ports detected
[    1.153953] ohci-platform: OHCI generic platform driver
[    1.153963] uhci_hcd: USB Universal Host Controller Interface driver
[    1.154006] i8042: PNP: PS/2 Controller [PNP0303:PS2K,PNP0f03:PS2M] at 0x60,0x64 irq 1,12
[    1.154507] serio: i8042 KBD port at 0x60,0x64 irq 1
[    1.154533] serio: i8042 AUX port at 0x60,0x64 irq 12
[    1.154820] mousedev: PS/2 mouse device common for all mice
[    1.155595] rtc_cmos rtc_cmos: registered as rtc0
[    1.155606] rtc_cmos rtc_cmos: alarms up to one day, 114 bytes nvram
[    1.155611] i2c /dev entries driver
[    1.155664] input: AT Translated Set 2 keyboard as /devices/platform/i8042/serio0/input/input2
[    1.155719] device-mapper: uevent: version 1.0.3
[    1.155955] device-mapper: ioctl: 4.39.0-ioctl (2018-04-03) initialised: dm-devel@redhat.com
[    1.156340] ledtrig-cpu: registered to indicate activity on CPUs
[    1.156514] NET: Registered protocol family 10
[    1.162833] Segment Routing with IPv6
[    1.162852] NET: Registered protocol family 17
[    1.162969] Key type dns_resolver registered
[    1.163548] RAS: Correctable Errors collector initialized.
[    1.163560] sched_clock: Marking stable (1154197358, 9317684)->(1273647030, -110131988)
[    1.164974] registered taskstats version 1
[    1.164981] Loading compiled-in X.509 certificates
[    1.166461] Loaded X.509 cert 'Build time autogenerated kernel key: 0a838a7fab98f6ccb8a67968b4071231e5223142'
[    1.166478] zswap: loaded using pool lzo/zbud
[    1.171129] Key type big_key registered
[    1.171132] Key type trusted registered
[    1.173694] Key type encrypted registered
[    1.173697] AppArmor: AppArmor sha1 policy hashing enabled
[    1.173705] ima: No TPM chip found, activating TPM-bypass!
[    1.173708] ima: Allocated hash algorithm: sha1
[    1.173718] evm: Initialising EVM extended attributes:
[    1.173718] evm: security.selinux
[    1.173719] evm: security.SMACK64
[    1.173719] evm: security.SMACK64EXEC
[    1.173720] evm: security.SMACK64TRANSMUTE
[    1.173720] evm: security.SMACK64MMAP
[    1.173720] evm: security.apparmor
[    1.173721] evm: security.ima
[    1.173721] evm: security.capability
[    1.173722] evm: HMAC attrs: 0x1
[    1.173922]   Magic number: 8:305:543
[    1.174085] rtc_cmos rtc_cmos: setting system clock to 2024-05-27 17:30:49 UTC (1716831049)
[    1.191760] ata2.00: ATAPI: VBOX CD-ROM, 1.0, max UDMA/133
[    1.192775] scsi 1:0:0:0: CD-ROM            VBOX     CD-ROM           1.0  PQ: 0 ANSI: 5
[    1.193675] sr 1:0:0:0: [sr0] scsi3-mmc drive: 32x/32x xa/form2 tray
[    1.193677] cdrom: Uniform CD-ROM driver Revision: 3.20
[    1.193920] sr 1:0:0:0: Attached scsi CD-ROM sr0
[    1.194092] sr 1:0:0:0: Attached scsi generic sg0 type 5
[    1.195897] Freeing unused decrypted memory: 2040K
[    1.196374] Freeing unused kernel image memory: 2464K
[    1.224459] Write protecting the kernel read-only data: 22528k
[    1.225307] Freeing unused kernel image memory: 2012K
[    1.225930] Freeing unused kernel image memory: 1988K
[    1.234053] x86/mm: Checked W+X mappings: passed, no W+X pages found.
[    1.234054] x86/mm: Checking user space page tables
[    1.240774] x86/mm: Checked W+X mappings: passed, no W+X pages found.
[    1.240777] Run /init as init process
[    1.283750] ACPI: Video Device [GFX0] (multi-head: yes  rom: no  post: no)
[    1.283806] input: Video Bus as /devices/LNXSYSTM:00/LNXSYBUS:00/PNP0A03:00/LNXVIDEO:00/input/input4
[    1.286491] e1000: Intel(R) PRO/1000 Network Driver - version 7.3.21-k8-NAPI
[    1.286492] e1000: Copyright (c) 1999-2006 Intel Corporation.
[    1.291929] ahci 0000:00:0d.0: version 3.0
[    1.292645] ahci 0000:00:0d.0: SSS flag set, parallel bus scan disabled
[    1.292795] ahci 0000:00:0d.0: AHCI 0001.0100 32 slots 1 ports 3 Gbps 0x1 impl SATA mode
[    1.292796] ahci 0000:00:0d.0: flags: 64bit ncq stag only ccc 
[    1.294211] piix4_smbus 0000:00:07.0: SMBus Host Controller at 0x4100, revision 0
[    1.295670] scsi host2: ahci
[    1.295765] ata3: SATA max UDMA/133 abar m8192@0xf0806000 port 0xf0806100 irq 21
[    1.305396] [drm] DMA map mode: Using physical TTM page addresses.
[    1.305432] [drm] Capabilities:
[    1.305432] [drm]   Rect copy.
[    1.305433] [drm]   Cursor.
[    1.305433] [drm]   Cursor bypass.
[    1.305434] [drm]   Cursor bypass 2.
[    1.305434] [drm]   Alpha cursor.
[    1.305434] [drm]   Extended Fifo.
[    1.305435] [drm]   Pitchlock.
[    1.305435] [drm]   Irq mask.
[    1.305435] [drm]   GMR.
[    1.305436] [drm]   Traces.
[    1.305436] [drm]   GMR2.
[    1.305436] [drm]   Screen Object 2.
[    1.305437] [drm]   Command Buffers.
[    1.305438] [drm] Max GMR ids is 8192
[    1.305438] [drm] Max number of GMR pages is 1048576
[    1.305438] [drm] Max dedicated hypervisor surface memory is 507904 kiB
[    1.305439] [drm] Maximum display memory size is 16384 kiB
[    1.305439] [drm] VRAM at 0xe0000000 size is 16384 kiB
[    1.305440] [drm] MMIO at 0xf0000000 size is 2048 kiB
[    1.305441] [drm] global init.
[    1.305561] [TTM] Zone  kernel: Available graphics memory: 2018434 kiB
[    1.305561] [TTM] Initializing pool allocator
[    1.305564] [TTM] Initializing DMA pool allocator
[    1.305869] [drm] Supports vblank timestamp caching Rev 2 (21.10.2013).
[    1.305869] [drm] No driver support for vblank timestamp query.
[    1.306056] [drm] Screen Objects Display Unit initialized
[    1.306091] [drm] width 720
[    1.306099] [drm] height 400
[    1.306101] [drm] bpp 32
[    1.306668] [drm] Fifo max 0x00200000 min 0x00001000 cap 0x00000355
[    1.306743] [drm] Using command buffers with DMA pool.
[    1.306751] [drm] DX: no.
[    1.306752] [drm] Atomic: yes.
[    1.306752] [drm] SM4_1: no.
[    1.306769] [drm:vmw_host_log [vmwgfx]] *ERROR* Failed to send host log message.
[    1.307437] [drm:vmw_host_log [vmwgfx]] *ERROR* Failed to send host log message.
[    1.311433] fbcon: svgadrmfb (fb0) is primary device
[    1.312957] Console: switching to colour frame buffer device 100x37
[    1.313756] [drm] Initialized vmwgfx 2.15.0 20180704 for 0000:00:02.0 on minor 0
[    1.502675] input: ImExPS/2 Generic Explorer Mouse as /devices/platform/i8042/serio1/input/input5
[    1.592412] usb 2-1: new full-speed USB device number 2 using ohci-pci
[    1.612846] ata3: SATA link up 3.0 Gbps (SStatus 123 SControl 300)
[    1.612912] ata3.00: ATA-6: VBOX HARDDISK, 1.0, max UDMA/133
[    1.612914] ata3.00: 73400320 sectors, multi 128: LBA48 NCQ (depth 32)
[    1.613201] ata3.00: configured for UDMA/133
[    1.613375] scsi 2:0:0:0: Direct-Access     ATA      VBOX HARDDISK    1.0  PQ: 0 ANSI: 5
[    1.613540] sd 2:0:0:0: [sda] 73400320 512-byte logical blocks: (37.6 GB/35.0 GiB)
[    1.613546] sd 2:0:0:0: [sda] Write Protect is off
[    1.613547] sd 2:0:0:0: [sda] Mode Sense: 00 3a 00 00
[    1.613555] sd 2:0:0:0: [sda] Write cache: enabled, read cache: enabled, doesn't support DPO or FUA
[    1.613632] sd 2:0:0:0: Attached scsi generic sg1 type 0
[    1.621821]  sda: sda1
[    1.622122] sd 2:0:0:0: [sda] Attached SCSI disk
[    1.651952] e1000 0000:00:03.0 eth0: (PCI:33MHz:32-bit) 08:00:27:cd:81:fb
[    1.651957] e1000 0000:00:03.0 eth0: Intel(R) PRO/1000 Network Connection
[    1.652831] e1000 0000:00:03.0 enp0s3: renamed from eth0
[    2.192218] EXT4-fs (sda1): mounted filesystem with ordered data mode. Opts: (null)
[    2.209008] random: fast init done
[    2.369899] systemd[1]: systemd 237 running in system mode. (+PAM +AUDIT +SELINUX +IMA +APPARMOR +SMACK +SYSVINIT +UTMP +LIBCRYPTSETUP +GCRYPT +GNUTLS +ACL +XZ +LZ4 +SECCOMP +BLKID +ELFUTILS +KMOD -IDN2 +IDN -PCRE2 default-hierarchy=hybrid)
[    2.369922] systemd[1]: Detected virtualization oracle.
[    2.369929] systemd[1]: Detected architecture x86-64.
[    2.372768] usb 2-1: New USB device found, idVendor=80ee, idProduct=0021, bcdDevice= 1.00
[    2.372769] usb 2-1: New USB device strings: Mfr=1, Product=3, SerialNumber=0
[    2.372770] usb 2-1: Product: USB Tablet
[    2.372771] usb 2-1: Manufacturer: VirtualBox
[    2.375072] systemd[1]: Set hostname to <jeong-VirtualBox>.
[    2.552609] random: systemd: uninitialized urandom read (16 bytes read)
[    2.552621] systemd[1]: Reached target Remote File Systems.
[    2.552718] random: systemd: uninitialized urandom read (16 bytes read)
[    2.552808] systemd[1]: Set up automount Arbitrary Executable File Formats File System Automount Point.
[    2.552817] random: systemd: uninitialized urandom read (16 bytes read)
[    2.552845] systemd[1]: Started Forward Password Requests to Wall Directory Watch.
[    2.552972] systemd[1]: Created slice System Slice.
[    2.553021] systemd[1]: Listening on /dev/initctl Compatibility Named Pipe.
[    2.553067] systemd[1]: Listening on Syslog Socket.
[    2.573567] EXT4-fs (sda1): re-mounted. Opts: errors=remount-ro
[    2.650801] Adding 1697968k swap on /swapfile.  Priority:-2 extents:5 across:1730736k FS
[    2.691324] lp: driver loaded but no devices found
[    2.705158] systemd-journald[375]: Received request to flush runtime journal from PID 1
[    2.707792] ppdev: user-space parallel port driver
[    3.701058] RAPL PMU: API unit is 2^-32 Joules, 5 fixed counters, 10737418240 ms ovfl timer
[    3.701060] RAPL PMU: hw unit of domain pp0-core 2^-0 Joules
[    3.701060] RAPL PMU: hw unit of domain package 2^-0 Joules
[    3.701061] RAPL PMU: hw unit of domain dram 2^-0 Joules
[    3.701061] RAPL PMU: hw unit of domain pp1-gpu 2^-0 Joules
[    3.701061] RAPL PMU: hw unit of domain psys 2^-0 Joules
[    3.738182] vboxguest: loading out-of-tree module taints kernel.
[    3.738296] vboxguest: module verification failed: signature and/or required key missing - tainting kernel
[    3.742196] vgdrvHeartbeatInit: Setting up heartbeat to trigger every 2000 milliseconds
[    3.742310] Host supports full mouse state reporting, switching to extended mouse integration protocol
[    3.742344] input: VirtualBox mouse integration as /devices/pci0000:00/0000:00:04.0/input/input6
[    3.743314] vboxguest: Successfully loaded version 7.0.14 r161095
[    3.743354] vboxguest: misc device minor 55, IRQ 20, I/O port d040, MMIO at 00000000f0400000 (size 0x400000)
[    3.743356] vboxguest: Successfully loaded version 7.0.14 r161095 (interface 0x00010004)
[    3.825162] cryptd: max_cpu_qlen set to 1000
[    3.934935] AVX2 version of gcm_enc/dec engaged.
[    3.934936] AES CTR mode by8 optimization enabled
[    4.027024] hidraw: raw HID events driver (C) Jiri Kosina
[    4.056076] usbcore: registered new interface driver usbhid
[    4.056094] usbhid: USB HID core driver
[    4.110444] input: VirtualBox USB Tablet as /devices/pci0000:00/0000:00:06.0/usb2/2-1/2-1:1.0/0003:80EE:0021.0001/input/input7
[    4.110558] hid-generic 0003:80EE:0021.0001: input,hidraw0: USB HID v1.10 Mouse [VirtualBox USB Tablet] on usb-0000:00:06.0-1/input0
[    4.279386] random: crng init done
[    4.279388] random: 7 urandom warning(s) missed due to ratelimiting
[    4.358886] audit: type=1400 audit(1716831052.680:2): apparmor="STATUS" operation="profile_load" profile="unconfined" name="/usr/bin/man" pid=693 comm="apparmor_parser"
[    4.358889] audit: type=1400 audit(1716831052.680:3): apparmor="STATUS" operation="profile_load" profile="unconfined" name="man_filter" pid=693 comm="apparmor_parser"
[    4.358891] audit: type=1400 audit(1716831052.680:4): apparmor="STATUS" operation="profile_load" profile="unconfined" name="man_groff" pid=693 comm="apparmor_parser"
[    4.366842] audit: type=1400 audit(1716831052.688:5): apparmor="STATUS" operation="profile_load" profile="unconfined" name="/sbin/dhclient" pid=690 comm="apparmor_parser"
[    4.366844] audit: type=1400 audit(1716831052.688:6): apparmor="STATUS" operation="profile_load" profile="unconfined" name="/usr/lib/NetworkManager/nm-dhcp-client.action" pid=690 comm="apparmor_parser"
[    4.366845] audit: type=1400 audit(1716831052.688:7): apparmor="STATUS" operation="profile_load" profile="unconfined" name="/usr/lib/NetworkManager/nm-dhcp-helper" pid=690 comm="apparmor_parser"
[    4.366847] audit: type=1400 audit(1716831052.688:8): apparmor="STATUS" operation="profile_load" profile="unconfined" name="/usr/lib/connman/scripts/dhclient-script" pid=690 comm="apparmor_parser"
[    4.369611] audit: type=1400 audit(1716831052.692:9): apparmor="STATUS" operation="profile_load" profile="unconfined" name="libreoffice-senddoc" pid=695 comm="apparmor_parser"
[    4.383668] audit: type=1400 audit(1716831052.704:10): apparmor="STATUS" operation="profile_load" profile="unconfined" name="libreoffice-xpdfimport" pid=697 comm="apparmor_parser"
[    4.486201] snd_intel8x0 0000:00:05.0: white list rate for 1028:0177 is 48000
[    5.551255] IPv6: ADDRCONF(NETDEV_UP): enp0s3: link is not ready
[    5.552761] IPv6: ADDRCONF(NETDEV_UP): enp0s3: link is not ready
[    5.560361] e1000: enp0s3 NIC Link is Up 1000 Mbps Full Duplex, Flow Control: RX
[    5.560640] IPv6: ADDRCONF(NETDEV_CHANGE): enp0s3: link becomes ready
[    5.640361] 17:30:53.966282 main     VBoxService 7.0.14 r161095 (verbosity: 0) linux.amd64 (Jan 15 2024 15:01:58) release log
               17:30:53.966285 main     Log opened 2024-05-27T17:30:53.966278000Z
[    5.640413] 17:30:53.966386 main     OS Product: Linux
[    5.640445] 17:30:53.966423 main     OS Release: 4.20.11.sslab
[    5.640627] 17:30:53.966597 main     OS Version: #32 SMP Thu May 23 03:30:57 KST 2024
[    5.640674] 17:30:53.966636 main     Executable: /opt/VBoxGuestAdditions-7.0.14/sbin/VBoxService
               17:30:53.966637 main     Process ID: 1081
               17:30:53.966637 main     Package type: LINUX_64BITS_GENERIC
[    5.644037] 17:30:53.969985 main     7.0.14 r161095 started. Verbose level = 0
[    5.644723] 17:30:53.970682 main     vbglR3GuestCtrlDetectPeekGetCancelSupport: Supported (#1)
[    9.581591] [drm:vmw_sou_crtc_page_flip [vmwgfx]] *ERROR* Page flip error -16.
[   14.665752] rfkill: input handler disabled
[   15.722452] ISO 9660 Extensions: Microsoft Joliet Level 3
[   15.726418] ISO 9660 Extensions: RRIP_1991A
[   80.930936] Working: A
[   81.033439] Working: A
[   81.142857] Working: A
[   81.243737] Working: A
[   81.346347] Working: A
[   81.450224] Working: A
[   81.551684] Working: A
[   81.675574] Working: A
[   81.793593] Working: A
[   81.895165] Working: A
[   81.937671] Working Denied:B
[   81.999227] Working: A
[   82.053386] Working Denied:B
[   82.099439] Working: A
[   82.153470] Working Denied:B
[   82.201322] Working: A
[   82.256230] Working Denied:B
[   82.303368] Working: A
[   82.357089] Working Denied:B
[   82.457756] Working: A
[   82.457796] Working Denied:B
[   82.571954] Working Denied:B
[   82.571962] Working: A
[   82.689712] Working: A
[   82.689809] Working Denied:B
[   82.789719] Working: A
[   82.789776] Working Denied:B
[   82.889905] Working Denied:B
[   82.889915] Working: A
[   82.928695] Working Denied:C
[   82.989975] Working: A
[   82.989983] Working Denied:B
[   83.028916] Working Denied:C
[   83.091445] Working: A
[   83.091456] Working Denied:B
[   83.129442] Working Denied:C
[   83.191938] Working Denied:B
[   83.191951] Working: A
[   83.229726] Working Denied:C
[   83.292460] Working: A
[   83.292473] Working Denied:B
[   83.330471] Working Denied:C
[   83.392624] Working Denied:B
[   83.392633] Working: A
[   83.431092] Working Denied:C
[   83.492977] Working Denied:B
[   83.492987] Working: A
[   83.531211] Working Denied:C
[   83.593335] Working: A
[   83.593345] Working Denied:B
[   83.631431] Working Denied:C
[   83.694267] Working: A
[   83.694278] Working Denied:B
[   83.731458] Working Denied:C
[   83.794650] Working Denied:B
[   83.794660] Working: A
[   83.832238] Working Denied:C
[   83.894738] Working: A
[   83.894749] Working Denied:B
[   83.932428] Working Denied:C
[   83.995618] Working: A
[   83.995628] Working Denied:B
[   84.032589] Working Denied:C
[   84.096233] Working: A
[   84.096243] Working Denied:B
[   84.132836] Working Denied:C
[   84.196727] Working: A
[   84.196737] Working Denied:B
[   84.233138] Working Denied:C
[   84.297449] Working Denied:B
[   84.297458] Working: A
[   84.333133] Working Denied:C
[   84.397552] Working: A
[   84.397561] Working Denied:B
[   84.433321] Working Denied:C
[   84.498020] Working Denied:B
[   84.498031] Working: A
[   84.534243] Working Denied:C
[   84.598467] Working: A
[   84.598476] Working Denied:B
[   84.634568] Working Denied:C
[   84.699022] Working: A
[   84.699036] Working Denied:B
[   84.735130] Working Denied:C
[   84.800811] Working Denied:B
[   84.800822] Working: A
[   84.835180] Working Denied:C
[   84.901188] Working: A
[   84.901198] Working Denied:B
[   84.935277] Working Denied:C
[   85.001439] Working Denied:B
[   85.001448] Working: A
[   85.035422] Working Denied:C
[   85.101493] Working: A
[   85.101504] Working Denied:B
[   85.135539] Working Denied:C
[   85.201605] Working Denied:B
[   85.201616] Working: A
[   85.235743] Working Denied:C
[   85.301679] Working: A
[   85.301688] Working Denied:B
[   85.335802] Working Denied:C
[   85.401907] Working: A
[   85.401918] Working Denied:B
[   85.435875] Working Denied:C
[   85.502164] Working Denied:B
[   85.502174] Working: A
[   85.535952] Working Denied:C
[   85.602304] Working: A
[   85.602315] Working Denied:B
[   85.636016] Working Denied:C
[   85.702630] Working Denied:B
[   85.702640] Working: A
[   85.736116] Working Denied:C
[   85.802949] Working: A
[   85.802959] Working Denied:B
[   85.836109] Working Denied:C
[   85.903505] Working Denied:B
[   85.903516] Working: A
[   85.936695] Working Denied:C
[   86.003989] Working: A
[   86.003999] Working Denied:B
[   86.037247] Working Denied:C
[   86.104533] Working Denied:B
[   86.104543] Working: A
[   86.137744] Working Denied:C
[   86.205050] Working: A
[   86.205061] Working Denied:B
[   86.238276] Working Denied:C
[   86.305123] Working: A
[   86.305133] Working Denied:B
[   86.338352] Working Denied:C
[   86.406427] Working Denied:B
[   86.406436] Working: A
[   86.439605] Working Denied:C
[   86.507024] Working: A
[   86.507035] Working Denied:B
[   86.540180] Working Denied:C
[   86.607970] Working: A
[   86.607982] Working Denied:B
[   86.641167] Working Denied:C
[   86.709396] Working Denied:B
[   86.709407] Working: A
[   86.741699] Working Denied:C
[   86.809527] Working: A
[   86.809537] Working Denied:B
[   86.841770] Working Denied:C
[   86.909647] Working: A
[   86.909658] Working Denied:B
[   86.941800] Working Denied:C
[   87.011093] Working: A
[   87.011104] Working Denied:B
[   87.043266] Working Denied:C
[   87.112622] Working Denied:B
[   87.112635] Working: A
[   87.143805] Working Denied:C
[   87.213102] Working: A
[   87.213115] Working Denied:B
[   87.244086] Working Denied:C
[   87.314035] Working: A
[   87.314046] Working Denied:B
[   87.344247] Working Denied:C
[   87.421549] Working: A
[   87.421558] Working Denied:B
[   87.444766] Working Denied:C
[   87.523794] Working: A
[   87.523805] Working Denied:B
[   87.544845] Working Denied:C
[   87.625730] Working Denied:B
[   87.625764] Working: A
[   87.645951] Working Denied:C
[   87.735060] Working Denied:B
[   87.735071] Working: A
[   87.746536] Working Denied:C
[   87.847793] Working Denied:C
[   87.847795] Working: A
[   87.847806] Working Denied:B
[   87.950622] Working Denied:C
[   87.950713] Working: A
[   87.950724] Working Denied:B
[   88.060396] Working: A
[   88.060408] Working Denied:B
[   88.060721] Working Denied:C
[   88.160522] Process Finished: A
[   88.160874] Working: B
[   88.160882] Working Denied:C
[   88.267215] Working: B
[   88.267228] Working Denied:C
[   88.371398] Working Denied:C
[   88.371409] Working: B
[   88.483330] Working: B
[   88.483341] Working Denied:C
[   88.583441] Working: B
[   88.583451] Working Denied:C
[   88.688718] Working Denied:C
[   88.688730] Working: B
[   88.790232] Working Denied:C
[   88.790233] Working: B
[   88.909009] Working Denied:C
[   88.909046] Working: B
[   89.009217] Working Denied:C
[   89.009240] Working: B
[   89.111357] Working Denied:C
[   89.111376] Working: B
[   89.226676] Working Denied:C
[   89.226716] Working: B
[   89.345627] Working: B
[   89.346100] Working Denied:C
[   89.446173] Working: B
[   89.446500] Working Denied:C
[   89.546168] Working: B
[   89.547408] Working Denied:C
[   89.646829] Working: B
[   89.647801] Working Denied:C
[   89.748994] Working: B
[   89.749158] Working Denied:C
[   89.886109] Working: B
[   89.886234] Working Denied:C
[   89.986379] Working: B
[   89.986380] Working Denied:C
[   90.086471] Working: B
[   90.087426] Working Denied:C
[   90.187002] Working: B
[   90.187982] Working Denied:C
[   90.287540] Working: B
[   90.288478] Working Denied:C
[   90.388042] Working: B
[   90.389018] Working Denied:C
[   90.488735] Working: B
[   90.490146] Working Denied:C
[   90.588817] Working: B
[   90.590240] Working Denied:C
[   90.689831] Working: B
[   90.690529] Working Denied:C
[   90.809043] Working: B
[   90.809097] Working Denied:C
[   90.921078] Working: B
[   90.922351] Working Denied:C
[   91.021063] Working: B
[   91.022468] Working Denied:C
[   91.121770] Working: B
[   91.123937] Working Denied:C
[   91.222709] Working: B
[   91.224683] Working Denied:C
[   91.334880] Working: B
[   91.334893] Working Denied:C
[   91.439237] Working Denied:C
[   91.439275] Working: B
[   91.540067] Working: B
[   91.540163] Working Denied:C
[   91.642208] Working Denied:C
[   91.642328] Working: B
[   91.742738] Working Denied:C
[   91.742966] Working: B
[   91.847555] Working: B
[   91.847613] Working Denied:C
[   91.959180] Working Denied:C
[   91.959203] Working: B
[   92.070010] Working Denied:C
[   92.070039] Working: B
[   92.170249] Working Denied:C
[   92.171275] Working: B
[   92.281328] Working Denied:C
[   92.281442] Working: B
[   92.381820] Working: B
[   92.382133] Working Denied:C
[   92.494667] Working Denied:C
[   92.494703] Working: B
[   92.601531] Working Denied:C
[   92.601665] Working: B
[   92.712374] Working Denied:C
[   92.712552] Working: B
[   92.812709] Working Denied:C
[   92.813455] Working: B
[   92.919812] Working Denied:C
[   92.921361] Working: B
[   93.022051] Working Denied:C
[   93.023919] Working: B
[   93.142969] Working Denied:C
[   93.143056] Working: B
[   93.251935] Working Denied:C
[   93.251937] Working: B
[   93.352665] Working: B
[   93.352689] Working Denied:C
[   93.473139] Process Finished: B
[   93.473178] Working: C
[   93.573396] Working: C
[   93.673743] Working: C
[   93.787873] Working: C
[   93.899826] Working: C
[   94.002755] Working: C
[   94.104880] Working: C
[   94.205778] Working: C
[   94.307252] Working: C
[   94.421963] Working: C
[   94.522447] Working: C
[   94.624085] Working: C
[   94.724826] Working: C
[   94.839847] Working: C
[   94.940108] Working: C
[   95.045163] Working: C
[   95.146917] Working: C
[   95.248757] Working: C
[   95.349606] Working: C
[   95.491103] Working: C
[   95.596784] Working: C
[   95.708052] Working: C
[   95.808469] Working: C
[   95.908724] Working: C
[   96.010568] Working: C
[   96.130026] Working: C
[   96.231188] Working: C
[   96.332674] Working: C
[   96.456420] Working: C
[   96.556456] Working: C
[   96.668725] Process Finished: C
