[    0.000000] Linux version 4.20.11.sslab (root@jeong-VirtualBox) (gcc version 7.5.0 (Ubuntu 7.5.0-3ubuntu1~18.04)) #32 SMP Thu May 23 03:30:57 KST 2024
[    0.000000] Command line: BOOT_IMAGE=/boot/vmlinuz-4.20.11.sslab root=UUID=b6f00a66-ca81-4cf9-909d-952ed4d9f250 ro quiet splash
[    0.000000] KERNEL supported cpus:
[    0.000000]   Intel GenuineIntel
[    0.000000]   AMD AuthenticAMD
[    0.000000]   Hygon HygonGenuine
[    0.000000]   Centaur CentaurHauls
[    0.000000] x86/fpu: Supporting XSAVE feature 0x001: 'x87 floating point registers'
[    0.000000] x86/fpu: Supporting XSAVE feature 0x002: 'SSE registers'
[    0.000000] x86/fpu: Supporting XSAVE feature 0x004: 'AVX registers'
[    0.000000] x86/fpu: xstate_offset[2]:  576, xstate_sizes[2]:  256
[    0.000000] x86/fpu: Enabled xstate features 0x7, context size is 832 bytes, using 'standard' format.
[    0.000000] BIOS-provided physical RAM map:
[    0.000000] BIOS-e820: [mem 0x0000000000000000-0x000000000009fbff] usable
[    0.000000] BIOS-e820: [mem 0x000000000009fc00-0x000000000009ffff] reserved
[    0.000000] BIOS-e820: [mem 0x00000000000f0000-0x00000000000fffff] reserved
[    0.000000] BIOS-e820: [mem 0x0000000000100000-0x00000000dffeffff] usable
[    0.000000] BIOS-e820: [mem 0x00000000dfff0000-0x00000000dfffffff] ACPI data
[    0.000000] BIOS-e820: [mem 0x00000000fec00000-0x00000000fec00fff] reserved
[    0.000000] BIOS-e820: [mem 0x00000000fee00000-0x00000000fee00fff] reserved
[    0.000000] BIOS-e820: [mem 0x00000000fffc0000-0x00000000ffffffff] reserved
[    0.000000] BIOS-e820: [mem 0x0000000100000000-0x000000011fffffff] usable
[    0.000000] NX (Execute Disable) protection: active
[    0.000000] SMBIOS 2.5 present.
[    0.000000] DMI: innotek GmbH VirtualBox/VirtualBox, BIOS VirtualBox 12/01/2006
[    0.000000] Hypervisor detected: KVM
[    0.000000] kvm-clock: Using msrs 4b564d01 and 4b564d00
[    0.000000] kvm-clock: cpu 0, msr abc01001, primary cpu clock
[    0.000000] kvm-clock: using sched offset of 5226349642 cycles
[    0.000002] clocksource: kvm-clock: mask: 0xffffffffffffffff max_cycles: 0x1cd42e4dffb, max_idle_ns: 881590591483 ns
[    0.000004] tsc: Detected 1799.999 MHz processor
[    0.002745] e820: update [mem 0x00000000-0x00000fff] usable ==> reserved
[    0.002746] e820: remove [mem 0x000a0000-0x000fffff] usable
[    0.002750] last_pfn = 0x120000 max_arch_pfn = 0x400000000
[    0.002759] MTRR default type: uncachable
[    0.002760] MTRR variable ranges disabled:
[    0.002762] Disabled
[    0.002763] x86/PAT: MTRRs disabled, skipping PAT initialization too.
[    0.002764] CPU MTRRs all blank - virtualized system.
[    0.002766] x86/PAT: Configuration [0-7]: WB  WT  UC- UC  WB  WT  UC- UC  
[    0.002769] last_pfn = 0xdfff0 max_arch_pfn = 0x400000000
[    0.002823] found SMP MP-table at [mem 0x0009fff0-0x0009ffff] mapped at [(____ptrval____)]
[    0.078489] check: Scanning 1 areas for low memory corruption
[    0.078493] Base memory trampoline at [(____ptrval____)] 99000 size 24576
[    0.078517] BRK [0xabe01000, 0xabe01fff] PGTABLE
[    0.078519] BRK [0xabe02000, 0xabe02fff] PGTABLE
[    0.078519] BRK [0xabe03000, 0xabe03fff] PGTABLE
[    0.078535] BRK [0xabe04000, 0xabe04fff] PGTABLE
[    0.078536] BRK [0xabe05000, 0xabe05fff] PGTABLE
[    0.078889] RAMDISK: [mem 0x30501000-0x34277fff]
[    0.078902] ACPI: Early table checksum verification disabled
[    0.078921] ACPI: RSDP 0x00000000000E0000 000024 (v02 VBOX  )
[    0.078924] ACPI: XSDT 0x00000000DFFF0030 00003C (v01 VBOX   VBOXXSDT 00000001 ASL  00000061)
[    0.078929] ACPI: FACP 0x00000000DFFF00F0 0000F4 (v04 VBOX   VBOXFACP 00000001 ASL  00000061)
[    0.078935] ACPI: DSDT 0x00000000DFFF0620 002353 (v02 VBOX   VBOXBIOS 00000002 INTL 20100528)
[    0.078938] ACPI: FACS 0x00000000DFFF0200 000040
[    0.078941] ACPI: FACS 0x00000000DFFF0200 000040
[    0.078943] ACPI: APIC 0x00000000DFFF0240 00006C (v02 VBOX   VBOXAPIC 00000001 ASL  00000061)
[    0.078946] ACPI: SSDT 0x00000000DFFF02B0 00036C (v01 VBOX   VBOXCPUT 00000002 INTL 20100528)
[    0.078953] ACPI: Local APIC address 0xfee00000
[    0.079163] No NUMA configuration found
[    0.079164] Faking a node at [mem 0x0000000000000000-0x000000011fffffff]
[    0.079170] NODE_DATA(0) allocated [mem 0x11ffd1000-0x11fffbfff]
[    0.079533] Zone ranges:
[    0.079534]   DMA      [mem 0x0000000000001000-0x0000000000ffffff]
[    0.079535]   DMA32    [mem 0x0000000001000000-0x00000000ffffffff]
[    0.079536]   Normal   [mem 0x0000000100000000-0x000000011fffffff]
[    0.079536]   Device   empty
[    0.079537] Movable zone start for each node
[    0.079539] Early memory node ranges
[    0.079540]   node   0: [mem 0x0000000000001000-0x000000000009efff]
[    0.079540]   node   0: [mem 0x0000000000100000-0x00000000dffeffff]
[    0.079541]   node   0: [mem 0x0000000100000000-0x000000011fffffff]
[    0.079980] Zeroed struct page in unavailable ranges: 114 pages
[    0.079981] Initmem setup node 0 [mem 0x0000000000001000-0x000000011fffffff]
[    0.079983] On node 0 totalpages: 1048462
[    0.079984]   DMA zone: 64 pages used for memmap
[    0.079984]   DMA zone: 21 pages reserved
[    0.079985]   DMA zone: 3998 pages, LIFO batch:0
[    0.080070]   DMA32 zone: 14272 pages used for memmap
[    0.080071]   DMA32 zone: 913392 pages, LIFO batch:63
[    0.101762]   Normal zone: 2048 pages used for memmap
[    0.101764]   Normal zone: 131072 pages, LIFO batch:31
[    0.105145] ACPI: PM-Timer IO Port: 0x4008
[    0.105148] ACPI: Local APIC address 0xfee00000
[    0.105203] IOAPIC[0]: apic_id 4, version 32, address 0xfec00000, GSI 0-23
[    0.105206] ACPI: INT_SRC_OVR (bus 0 bus_irq 0 global_irq 2 dfl dfl)
[    0.105207] ACPI: INT_SRC_OVR (bus 0 bus_irq 9 global_irq 9 low level)
[    0.105208] ACPI: IRQ0 used by override.
[    0.105209] ACPI: IRQ9 used by override.
[    0.105211] Using ACPI (MADT) for SMP configuration information
[    0.105216] smpboot: Allowing 4 CPUs, 0 hotplug CPUs
[    0.105233] PM: Registered nosave memory: [mem 0x00000000-0x00000fff]
[    0.105234] PM: Registered nosave memory: [mem 0x0009f000-0x0009ffff]
[    0.105234] PM: Registered nosave memory: [mem 0x000a0000-0x000effff]
[    0.105235] PM: Registered nosave memory: [mem 0x000f0000-0x000fffff]
[    0.105235] PM: Registered nosave memory: [mem 0xdfff0000-0xdfffffff]
[    0.105236] PM: Registered nosave memory: [mem 0xe0000000-0xfebfffff]
[    0.105236] PM: Registered nosave memory: [mem 0xfec00000-0xfec00fff]
[    0.105237] PM: Registered nosave memory: [mem 0xfec01000-0xfedfffff]
[    0.105237] PM: Registered nosave memory: [mem 0xfee00000-0xfee00fff]
[    0.105237] PM: Registered nosave memory: [mem 0xfee01000-0xfffbffff]
[    0.105238] PM: Registered nosave memory: [mem 0xfffc0000-0xffffffff]
[    0.105239] [mem 0xe0000000-0xfebfffff] available for PCI devices
[    0.105240] Booting paravirtualized kernel on KVM
[    0.105242] clocksource: refined-jiffies: mask: 0xffffffff max_cycles: 0xffffffff, max_idle_ns: 7645519600211568 ns
[    0.105250] random: get_random_bytes called from start_kernel+0x97/0x526 with crng_init=0
[    0.105253] setup_percpu: NR_CPUS:8192 nr_cpumask_bits:4 nr_cpu_ids:4 nr_node_ids:1
[    0.105546] percpu: Embedded 46 pages/cpu @(____ptrval____) s151552 r8192 d28672 u524288
[    0.105550] pcpu-alloc: s151552 r8192 d28672 u524288 alloc=1*2097152
[    0.105550] pcpu-alloc: [0] 0 1 2 3 
[    0.105569] PV qspinlock hash table entries: 256 (order: 0, 4096 bytes)
[    0.105573] Built 1 zonelists, mobility grouping on.  Total pages: 1032057
[    0.105574] Policy zone: Normal
[    0.105574] Kernel command line: BOOT_IMAGE=/boot/vmlinuz-4.20.11.sslab root=UUID=b6f00a66-ca81-4cf9-909d-952ed4d9f250 ro quiet splash
[    0.111567] Calgary: detecting Calgary via BIOS EBDA area
[    0.111570] Calgary: Unable to locate Rio Grande table in EBDA - bailing!
[    0.118855] Memory: 3965356K/4193848K available (14341K kernel code, 2321K rwdata, 4156K rodata, 2464K init, 5328K bss, 228492K reserved, 0K cma-reserved)
[    0.119169] SLUB: HWalign=64, Order=0-3, MinObjects=0, CPUs=4, Nodes=1
[    0.119174] Kernel/User page tables isolation: enabled
[    0.119186] ftrace: allocating 41137 entries in 161 pages
[    0.132644] rcu: Hierarchical RCU implementation.
[    0.132646] rcu: 	RCU restricting CPUs from NR_CPUS=8192 to nr_cpu_ids=4.
[    0.132647] 	Tasks RCU enabled.
[    0.132648] rcu: RCU calculated value of scheduler-enlistment delay is 25 jiffies.
[    0.132648] rcu: Adjusting geometry for rcu_fanout_leaf=16, nr_cpu_ids=4
[    0.134977] NR_IRQS: 524544, nr_irqs: 456, preallocated irqs: 16
[    0.142999] Console: colour VGA+ 80x25
[    0.143002] printk: console [tty0] enabled
[    0.143020] ACPI: Core revision 20181003
[    0.143136] APIC: Switch to symmetric I/O mode setup
[    0.143342] x2apic enabled
[    0.143540] Switched APIC routing to physical x2apic.
[    0.144458] ..TIMER: vector=0x30 apic1=0 pin1=2 apic2=-1 pin2=-1
[    0.144479] clocksource: tsc-early: mask: 0xffffffffffffffff max_cycles: 0x19f228ab7a2, max_idle_ns: 440795289252 ns
[    0.144494] Calibrating delay loop (skipped) preset value.. 3599.99 BogoMIPS (lpj=7199996)
[    0.144496] pid_max: default: 32768 minimum: 301
[    0.144524] LSM: Security Framework initializing
[    0.144525] Yama: becoming mindful.
[    0.144541] AppArmor: AppArmor initialized
[    0.145408] Dentry cache hash table entries: 524288 (order: 10, 4194304 bytes)
[    0.145792] Inode-cache hash table entries: 262144 (order: 9, 2097152 bytes)
[    0.145808] Mount-cache hash table entries: 8192 (order: 4, 65536 bytes)
[    0.145813] Mountpoint-cache hash table entries: 8192 (order: 4, 65536 bytes)
[    0.146045] mce: CPU supports 0 MCE banks
[    0.146059] Last level iTLB entries: 4KB 64, 2MB 8, 4MB 8
[    0.146060] Last level dTLB entries: 4KB 64, 2MB 0, 4MB 0, 1GB 4
[    0.146061] Spectre V2 : Mitigation: Full generic retpoline
[    0.146062] Spectre V2 : Spectre v2 / SpectreRSB mitigation: Filling RSB on context switch
[    0.146062] Speculative Store Bypass: Vulnerable
[    0.146188] Freeing SMP alternatives memory: 36K
[    0.152480] smpboot: CPU0: Intel(R) Core(TM) i5-8250U CPU @ 1.60GHz (family: 0x6, model: 0x8e, stepping: 0xa)
[    0.152480] Performance Events: unsupported p6 CPU model 142 no PMU driver, software events only.
[    0.152480] rcu: Hierarchical SRCU implementation.
[    0.152480] NMI watchdog: Perf NMI watchdog permanently disabled
[    0.152480] smp: Bringing up secondary CPUs ...
[    0.152480] x86: Booting SMP configuration:
[    0.152480] .... node  #0, CPUs:      #1
[    0.013162] kvm-clock: cpu 1, msr abc01041, secondary cpu clock
[    0.013162] mce: CPU supports 0 MCE banks
[    0.152558]  #2
[    0.013162] kvm-clock: cpu 2, msr abc01081, secondary cpu clock
[    0.013162] mce: CPU supports 0 MCE banks
[    0.154998]  #3
[    0.013162] kvm-clock: cpu 3, msr abc010c1, secondary cpu clock
[    0.013162] mce: CPU supports 0 MCE banks
[    0.156499] smp: Brought up 1 node, 4 CPUs
[    0.156499] smpboot: Max logical packages: 1
[    0.156499] smpboot: Total of 4 processors activated (14399.99 BogoMIPS)
[    0.156663] devtmpfs: initialized
[    0.156663] x86/mm: Memory block size: 128MB
[    0.156796] clocksource: jiffies: mask: 0xffffffff max_cycles: 0xffffffff, max_idle_ns: 7645041785100000 ns
[    0.156796] futex hash table entries: 1024 (order: 4, 65536 bytes)
[    0.156796] pinctrl core: initialized pinctrl subsystem
[    0.156796] RTC time: 17:51:40, date: 05/27/24
[    0.156831] NET: Registered protocol family 16
[    0.156916] audit: initializing netlink subsys (disabled)
[    0.156944] audit: type=2000 audit(1716832306.551:1): state=initialized audit_enabled=0 res=1
[    0.156944] cpuidle: using governor ladder
[    0.156944] cpuidle: using governor menu
[    0.156944] ACPI: bus type PCI registered
[    0.156944] acpiphp: ACPI Hot Plug PCI Controller Driver version: 0.5
[    0.156944] PCI: Using configuration type 1 for base access
[    0.160537] HugeTLB registered 2.00 MiB page size, pre-allocated 0 pages
[    0.160786] ACPI: Added _OSI(Module Device)
[    0.160786] ACPI: Added _OSI(Processor Device)
[    0.160786] ACPI: Added _OSI(3.0 _SCP Extensions)
[    0.160786] ACPI: Added _OSI(Processor Aggregator Device)
[    0.160786] ACPI: Added _OSI(Linux-Dell-Video)
[    0.160786] ACPI: Added _OSI(Linux-Lenovo-NV-HDMI-Audio)
[    0.162552] ACPI: 2 ACPI AML tables successfully acquired and loaded
[    0.164974] ACPI: Interpreter enabled
[    0.164982] ACPI: (supports S0 S5)
[    0.164984] ACPI: Using IOAPIC for interrupt routing
[    0.165170] PCI: Using host bridge windows from ACPI; if necessary, use "pci=nocrs" and report a bug
[    0.165274] ACPI: Enabled 2 GPEs in block 00 to 07
[    0.169558] ACPI: PCI Root Bridge [PCI0] (domain 0000 [bus 00-ff])
[    0.169562] acpi PNP0A03:00: _OSC: OS supports [ASPM ClockPM Segments MSI]
[    0.169961] acpi PNP0A03:00: _OSC: not requesting OS control; OS requires [ExtendedConfig ASPM ClockPM MSI]
[    0.169968] acpi PNP0A03:00: fail to add MMCONFIG information, can't access extended PCI configuration space under this bridge.
[    0.170327] PCI host bridge to bus 0000:00
[    0.170329] pci_bus 0000:00: root bus resource [io  0x0000-0x0cf7 window]
[    0.170330] pci_bus 0000:00: root bus resource [io  0x0d00-0xffff window]
[    0.170331] pci_bus 0000:00: root bus resource [mem 0x000a0000-0x000bffff window]
[    0.170332] pci_bus 0000:00: root bus resource [mem 0xe0000000-0xfdffffff window]
[    0.170333] pci_bus 0000:00: root bus resource [bus 00-ff]
[    0.170368] pci 0000:00:00.0: [8086:1237] type 00 class 0x060000
[    0.171158] pci 0000:00:01.0: [8086:7000] type 00 class 0x060100
[    0.171768] pci 0000:00:01.1: [8086:7111] type 00 class 0x01018a
[    0.172594] pci 0000:00:01.1: reg 0x20: [io  0xd000-0xd00f]
[    0.172716] pci 0000:00:01.1: legacy IDE quirk: reg 0x10: [io  0x01f0-0x01f7]
[    0.172717] pci 0000:00:01.1: legacy IDE quirk: reg 0x14: [io  0x03f6]
[    0.172718] pci 0000:00:01.1: legacy IDE quirk: reg 0x18: [io  0x0170-0x0177]
[    0.172718] pci 0000:00:01.1: legacy IDE quirk: reg 0x1c: [io  0x0376]
[    0.173175] pci 0000:00:02.0: [15ad:0405] type 00 class 0x030000
[    0.175485] pci 0000:00:02.0: reg 0x10: [io  0xd010-0xd01f]
[    0.176712] pci 0000:00:02.0: reg 0x14: [mem 0xe0000000-0xe0ffffff pref]
[    0.178539] pci 0000:00:02.0: reg 0x18: [mem 0xf0000000-0xf01fffff]
[    0.188537] pci 0000:00:03.0: [8086:100e] type 00 class 0x020000
[    0.190249] pci 0000:00:03.0: reg 0x10: [mem 0xf0200000-0xf021ffff]
[    0.192604] pci 0000:00:03.0: reg 0x18: [io  0xd020-0xd027]
[    0.201193] pci 0000:00:04.0: [80ee:cafe] type 00 class 0x088000
[    0.202790] pci 0000:00:04.0: reg 0x10: [io  0xd040-0xd05f]
[    0.204382] pci 0000:00:04.0: reg 0x14: [mem 0xf0400000-0xf07fffff]
[    0.204573] pci 0000:00:04.0: reg 0x18: [mem 0xf0800000-0xf0803fff pref]
[    0.213036] pci 0000:00:05.0: [8086:2415] type 00 class 0x040100
[    0.213141] pci 0000:00:05.0: reg 0x10: [io  0xd100-0xd1ff]
[    0.213193] pci 0000:00:05.0: reg 0x14: [io  0xd200-0xd23f]
[    0.213919] pci 0000:00:06.0: [106b:003f] type 00 class 0x0c0310
[    0.215581] pci 0000:00:06.0: reg 0x10: [mem 0xf0804000-0xf0804fff]
[    0.225291] pci 0000:00:07.0: [8086:7113] type 00 class 0x068000
[    0.225625] pci 0000:00:07.0: quirk: [io  0x4000-0x403f] claimed by PIIX4 ACPI
[    0.225634] pci 0000:00:07.0: quirk: [io  0x4100-0x410f] claimed by PIIX4 SMB
[    0.226867] pci 0000:00:0b.0: [8086:265c] type 00 class 0x0c0320
[    0.228584] pci 0000:00:0b.0: reg 0x10: [mem 0xf0805000-0xf0805fff]
[    0.239031] pci 0000:00:0d.0: [8086:2829] type 00 class 0x010601
[    0.240584] pci 0000:00:0d.0: reg 0x10: [io  0xd240-0xd247]
[    0.242638] pci 0000:00:0d.0: reg 0x14: [io  0xd248-0xd24b]
[    0.244583] pci 0000:00:0d.0: reg 0x18: [io  0xd250-0xd257]
[    0.246169] pci 0000:00:0d.0: reg 0x1c: [io  0xd258-0xd25b]
[    0.247742] pci 0000:00:0d.0: reg 0x20: [io  0xd260-0xd26f]
[    0.248569] pci 0000:00:0d.0: reg 0x24: [mem 0xf0806000-0xf0807fff]
[    0.257449] ACPI: PCI Interrupt Link [LNKA] (IRQs 5 9 10 *11)
[    0.257703] ACPI: PCI Interrupt Link [LNKB] (IRQs 5 9 *10 11)
[    0.257798] ACPI: PCI Interrupt Link [LNKC] (IRQs 5 *9 10 11)
[    0.257892] ACPI: PCI Interrupt Link [LNKD] (IRQs 5 9 10 *11)
[    0.258130] pci 0000:00:02.0: vgaarb: setting as boot VGA device
[    0.258130] pci 0000:00:02.0: vgaarb: VGA device added: decodes=io+mem,owns=io+mem,locks=none
[    0.258130] pci 0000:00:02.0: vgaarb: bridge control possible
[    0.258130] vgaarb: loaded
[    0.258130] SCSI subsystem initialized
[    0.258130] libata version 3.00 loaded.
[    0.258130] ACPI: bus type USB registered
[    0.258130] usbcore: registered new interface driver usbfs
[    0.258130] usbcore: registered new interface driver hub
[    0.258130] usbcore: registered new device driver usb
[    0.258130] pps_core: LinuxPPS API ver. 1 registered
[    0.258130] pps_core: Software ver. 5.3.6 - Copyright 2005-2007 Rodolfo Giometti <giometti@linux.it>
[    0.258130] PTP clock support registered
[    0.258130] EDAC MC: Ver: 3.0.0
[    0.258130] PCI: Using ACPI for IRQ routing
[    0.258130] PCI: pci_cache_line_size set to 64 bytes
[    0.258130] e820: reserve RAM buffer [mem 0x0009fc00-0x0009ffff]
[    0.258130] e820: reserve RAM buffer [mem 0xdfff0000-0xdfffffff]
[    0.258130] NetLabel: Initializing
[    0.258130] NetLabel:  domain hash size = 128
[    0.258130] NetLabel:  protocols = UNLABELED CIPSOv4 CALIPSO
[    0.258130] NetLabel:  unlabeled traffic allowed by default
[    0.260861] clocksource: Switched to clocksource kvm-clock
[    0.269753] VFS: Disk quotas dquot_6.6.0
[    0.269765] VFS: Dquot-cache hash table entries: 512 (order 0, 4096 bytes)
[    0.269872] AppArmor: AppArmor Filesystem Enabled
[    0.269901] pnp: PnP ACPI init
[    0.269962] pnp 00:00: Plug and Play ACPI device, IDs PNP0303 (active)
[    0.270026] pnp 00:01: Plug and Play ACPI device, IDs PNP0f03 (active)
[    0.270702] pnp: PnP ACPI: found 2 devices
[    0.280731] clocksource: acpi_pm: mask: 0xffffff max_cycles: 0xffffff, max_idle_ns: 2085701024 ns
[    0.280741] pci_bus 0000:00: resource 4 [io  0x0000-0x0cf7 window]
[    0.280742] pci_bus 0000:00: resource 5 [io  0x0d00-0xffff window]
[    0.280743] pci_bus 0000:00: resource 6 [mem 0x000a0000-0x000bffff window]
[    0.280744] pci_bus 0000:00: resource 7 [mem 0xe0000000-0xfdffffff window]
[    0.280795] NET: Registered protocol family 2
[    0.280923] tcp_listen_portaddr_hash hash table entries: 2048 (order: 3, 32768 bytes)
[    0.280934] TCP established hash table entries: 32768 (order: 6, 262144 bytes)
[    0.280995] TCP bind hash table entries: 32768 (order: 7, 524288 bytes)
[    0.281031] TCP: Hash tables configured (established 32768 bind 32768)
[    0.281053] UDP hash table entries: 2048 (order: 4, 65536 bytes)
[    0.281061] UDP-Lite hash table entries: 2048 (order: 4, 65536 bytes)
[    0.281106] NET: Registered protocol family 1
[    0.281112] NET: Registered protocol family 44
[    0.281132] pci 0000:00:00.0: Limiting direct PCI/PCI transfers
[    0.281143] pci 0000:00:01.0: Activating ISA DMA hang workarounds
[    0.281185] pci 0000:00:02.0: Video device with shadowed ROM at [mem 0x000c0000-0x000dffff]
[    0.283422] PCI: CLS 0 bytes, default 64
[    0.283457] Unpacking initramfs...
[    0.965890] Freeing initrd memory: 62940K
[    0.965900] PCI-DMA: Using software bounce buffering for IO (SWIOTLB)
[    0.965901] software IO TLB: mapped [mem 0xdbff0000-0xdfff0000] (64MB)
[    0.965941] clocksource: tsc: mask: 0xffffffffffffffff max_cycles: 0x19f228ab7a2, max_idle_ns: 440795289252 ns
[    0.965975] platform rtc_cmos: registered platform RTC device (no PNP device found)
[    0.965990] check: Scanning for low memory corruption every 60 seconds
[    0.967839] Initialise system trusted keyrings
[    0.967845] Key type blacklist registered
[    0.968059] workingset: timestamp_bits=36 max_order=20 bucket_order=0
[    0.969117] zbud: loaded
[    0.969823] squashfs: version 4.0 (2009/01/31) Phillip Lougher
[    0.970174] fuse init (API version 7.28)
[    1.012096] Key type asymmetric registered
[    1.012097] Asymmetric key parser 'x509' registered
[    1.012112] Block layer SCSI generic (bsg) driver version 0.4 loaded (major 244)
[    1.012246] io scheduler noop registered
[    1.012247] io scheduler deadline registered
[    1.012281] io scheduler cfq registered (default)
[    1.012617] shpchp: Standard Hot Plug PCI Controller Driver version: 0.4
[    1.012665] intel_idle: Please enable MWAIT in BIOS SETUP
[    1.012774] ACPI: AC Adapter [AC] (on-line)
[    1.012812] input: Power Button as /devices/LNXSYSTM:00/LNXPWRBN:00/input/input0
[    1.012823] ACPI: Power Button [PWRF]
[    1.012878] input: Sleep Button as /devices/LNXSYSTM:00/LNXSLPBN:00/input/input1
[    1.012883] ACPI: Sleep Button [SLPF]
[    1.013180] Serial: 8250/16550 driver, 32 ports, IRQ sharing enabled
[    1.014063] battery: ACPI: Battery Slot [BAT0] (battery present)
[    1.015886] Linux agpgart interface v0.103
[    1.017536] loop: module loaded
[    1.017622] ata_piix 0000:00:01.1: version 2.13
[    1.018126] scsi host0: ata_piix
[    1.018313] scsi host1: ata_piix
[    1.018332] ata1: PATA max UDMA/33 cmd 0x1f0 ctl 0x3f6 bmdma 0xd000 irq 14
[    1.018333] ata2: PATA max UDMA/33 cmd 0x170 ctl 0x376 bmdma 0xd008 irq 15
[    1.018434] libphy: Fixed MDIO Bus: probed
[    1.018434] tun: Universal TUN/TAP device driver, 1.6
[    1.018546] PPP generic driver version 2.4.2
[    1.018682] ehci_hcd: USB 2.0 'Enhanced' Host Controller (EHCI) Driver
[    1.018684] ehci-pci: EHCI PCI platform driver
[    1.019213] ehci-pci 0000:00:0b.0: EHCI Host Controller
[    1.019217] ehci-pci 0000:00:0b.0: new USB bus registered, assigned bus number 1
[    1.019395] ehci-pci 0000:00:0b.0: irq 19, io mem 0xf0805000
[    1.032898] ehci-pci 0000:00:0b.0: USB 2.0 started, EHCI 1.00
[    1.032948] usb usb1: New USB device found, idVendor=1d6b, idProduct=0002, bcdDevice= 4.20
[    1.032949] usb usb1: New USB device strings: Mfr=3, Product=2, SerialNumber=1
[    1.032950] usb usb1: Product: EHCI Host Controller
[    1.032951] usb usb1: Manufacturer: Linux 4.20.11.sslab ehci_hcd
[    1.032952] usb usb1: SerialNumber: 0000:00:0b.0
[    1.033166] hub 1-0:1.0: USB hub found
[    1.033170] hub 1-0:1.0: 12 ports detected
[    1.033338] ehci-platform: EHCI generic platform driver
[    1.033348] ohci_hcd: USB 1.1 'Open' Host Controller (OHCI) Driver
[    1.033353] ohci-pci: OHCI PCI platform driver
[    1.033921] ohci-pci 0000:00:06.0: OHCI PCI host controller
[    1.033925] ohci-pci 0000:00:06.0: new USB bus registered, assigned bus number 2
[    1.033990] ohci-pci 0000:00:06.0: irq 22, io mem 0xf0804000
[    1.105998] usb usb2: New USB device found, idVendor=1d6b, idProduct=0001, bcdDevice= 4.20
[    1.106013] usb usb2: New USB device strings: Mfr=3, Product=2, SerialNumber=1
[    1.106015] usb usb2: Product: OHCI PCI host controller
[    1.106016] usb usb2: Manufacturer: Linux 4.20.11.sslab ohci_hcd
[    1.106016] usb usb2: SerialNumber: 0000:00:06.0
[    1.106286] hub 2-0:1.0: USB hub found
[    1.106302] hub 2-0:1.0: 12 ports detected
[    1.106606] ohci-platform: OHCI generic platform driver
[    1.106618] uhci_hcd: USB Universal Host Controller Interface driver
[    1.106665] i8042: PNP: PS/2 Controller [PNP0303:PS2K,PNP0f03:PS2M] at 0x60,0x64 irq 1,12
[    1.107192] serio: i8042 KBD port at 0x60,0x64 irq 1
[    1.107218] serio: i8042 AUX port at 0x60,0x64 irq 12
[    1.107521] mousedev: PS/2 mouse device common for all mice
[    1.108468] rtc_cmos rtc_cmos: registered as rtc0
[    1.108481] rtc_cmos rtc_cmos: alarms up to one day, 114 bytes nvram
[    1.108486] i2c /dev entries driver
[    1.108580] input: AT Translated Set 2 keyboard as /devices/platform/i8042/serio0/input/input2
[    1.108607] device-mapper: uevent: version 1.0.3
[    1.108863] device-mapper: ioctl: 4.39.0-ioctl (2018-04-03) initialised: dm-devel@redhat.com
[    1.109164] ledtrig-cpu: registered to indicate activity on CPUs
[    1.109333] NET: Registered protocol family 10
[    1.115119] Segment Routing with IPv6
[    1.115142] NET: Registered protocol family 17
[    1.115176] Key type dns_resolver registered
[    1.115553] RAS: Correctable Errors collector initialized.
[    1.115568] sched_clock: Marking stable (1106354191, 9162912)->(1223130108, -107613005)
[    1.116334] registered taskstats version 1
[    1.116341] Loading compiled-in X.509 certificates
[    1.117912] Loaded X.509 cert 'Build time autogenerated kernel key: 0a838a7fab98f6ccb8a67968b4071231e5223142'
[    1.117942] zswap: loaded using pool lzo/zbud
[    1.123684] Key type big_key registered
[    1.123690] Key type trusted registered
[    1.126630] Key type encrypted registered
[    1.126634] AppArmor: AppArmor sha1 policy hashing enabled
[    1.126654] ima: No TPM chip found, activating TPM-bypass!
[    1.126659] ima: Allocated hash algorithm: sha1
[    1.126669] evm: Initialising EVM extended attributes:
[    1.126670] evm: security.selinux
[    1.126671] evm: security.SMACK64
[    1.126671] evm: security.SMACK64EXEC
[    1.126671] evm: security.SMACK64TRANSMUTE
[    1.126672] evm: security.SMACK64MMAP
[    1.126672] evm: security.apparmor
[    1.126673] evm: security.ima
[    1.126673] evm: security.capability
[    1.126674] evm: HMAC attrs: 0x1
[    1.127155]   Magic number: 8:167:897
[    1.127276] rtc_cmos rtc_cmos: setting system clock to 2024-05-27 17:51:41 UTC (1716832301)
[    1.192126] ata2.00: ATAPI: VBOX CD-ROM, 1.0, max UDMA/133
[    1.193072] scsi 1:0:0:0: CD-ROM            VBOX     CD-ROM           1.0  PQ: 0 ANSI: 5
[    1.193628] sr 1:0:0:0: [sr0] scsi3-mmc drive: 32x/32x xa/form2 tray
[    1.193629] cdrom: Uniform CD-ROM driver Revision: 3.20
[    1.193773] sr 1:0:0:0: Attached scsi CD-ROM sr0
[    1.193858] sr 1:0:0:0: Attached scsi generic sg0 type 5
[    1.195632] Freeing unused decrypted memory: 2040K
[    1.196050] Freeing unused kernel image memory: 2464K
[    2.092523] Write protecting the kernel read-only data: 22528k
[    2.093202] Freeing unused kernel image memory: 2012K
[    2.093649] Freeing unused kernel image memory: 1988K
[    2.100536] x86/mm: Checked W+X mappings: passed, no W+X pages found.
[    2.100537] x86/mm: Checking user space page tables
[    2.107184] x86/mm: Checked W+X mappings: passed, no W+X pages found.
[    2.107187] Run /init as init process
[    2.155102] ACPI: Video Device [GFX0] (multi-head: yes  rom: no  post: no)
[    2.155178] input: Video Bus as /devices/LNXSYSTM:00/LNXSYBUS:00/PNP0A03:00/LNXVIDEO:00/input/input4
[    2.157656] e1000: Intel(R) PRO/1000 Network Driver - version 7.3.21-k8-NAPI
[    2.157657] e1000: Copyright (c) 1999-2006 Intel Corporation.
[    2.163396] piix4_smbus 0000:00:07.0: SMBus Host Controller at 0x4100, revision 0
[    2.165807] ahci 0000:00:0d.0: version 3.0
[    2.166389] ahci 0000:00:0d.0: SSS flag set, parallel bus scan disabled
[    2.166537] ahci 0000:00:0d.0: AHCI 0001.0100 32 slots 1 ports 3 Gbps 0x1 impl SATA mode
[    2.166538] ahci 0000:00:0d.0: flags: 64bit ncq stag only ccc 
[    2.168600] scsi host2: ahci
[    2.168657] ata3: SATA max UDMA/133 abar m8192@0xf0806000 port 0xf0806100 irq 21
[    2.182185] [drm] DMA map mode: Using physical TTM page addresses.
[    2.182215] [drm] Capabilities:
[    2.182215] [drm]   Rect copy.
[    2.182216] [drm]   Cursor.
[    2.182216] [drm]   Cursor bypass.
[    2.182216] [drm]   Cursor bypass 2.
[    2.182217] [drm]   Alpha cursor.
[    2.182217] [drm]   Extended Fifo.
[    2.182217] [drm]   Pitchlock.
[    2.182218] [drm]   Irq mask.
[    2.182218] [drm]   GMR.
[    2.182218] [drm]   Traces.
[    2.182219] [drm]   GMR2.
[    2.182219] [drm]   Screen Object 2.
[    2.182219] [drm]   Command Buffers.
[    2.182220] [drm] Max GMR ids is 8192
[    2.182221] [drm] Max number of GMR pages is 1048576
[    2.182221] [drm] Max dedicated hypervisor surface memory is 507904 kiB
[    2.182222] [drm] Maximum display memory size is 16384 kiB
[    2.182223] [drm] VRAM at 0xe0000000 size is 16384 kiB
[    2.182223] [drm] MMIO at 0xf0000000 size is 2048 kiB
[    2.182224] [drm] global init.
[    2.182258] [TTM] Zone  kernel: Available graphics memory: 2018418 kiB
[    2.182259] [TTM] Initializing pool allocator
[    2.182261] [TTM] Initializing DMA pool allocator
[    2.182409] [drm] Supports vblank timestamp caching Rev 2 (21.10.2013).
[    2.182410] [drm] No driver support for vblank timestamp query.
[    2.182573] [drm] Screen Objects Display Unit initialized
[    2.182605] [drm] width 720
[    2.182613] [drm] height 400
[    2.182616] [drm] bpp 32
[    2.182753] [drm] Fifo max 0x00200000 min 0x00001000 cap 0x00000355
[    2.182818] [drm] Using command buffers with DMA pool.
[    2.182825] [drm] DX: no.
[    2.182826] [drm] Atomic: yes.
[    2.182826] [drm] SM4_1: no.
[    2.182840] [drm:vmw_host_log [vmwgfx]] *ERROR* Failed to send host log message.
[    2.183488] [drm:vmw_host_log [vmwgfx]] *ERROR* Failed to send host log message.
[    2.187731] fbcon: svgadrmfb (fb0) is primary device
[    2.189366] Console: switching to colour frame buffer device 100x37
[    2.190312] [drm] Initialized vmwgfx 2.15.0 20180704 for 0000:00:02.0 on minor 0
[    2.330179] usb 2-1: new full-speed USB device number 2 using ohci-pci
[    2.376974] input: ImExPS/2 Generic Explorer Mouse as /devices/platform/i8042/serio1/input/input5
[    2.491520] ata3: SATA link up 3.0 Gbps (SStatus 123 SControl 300)
[    2.491721] ata3.00: ATA-6: VBOX HARDDISK, 1.0, max UDMA/133
[    2.491722] ata3.00: 73400320 sectors, multi 128: LBA48 NCQ (depth 32)
[    2.492062] ata3.00: configured for UDMA/133
[    2.492241] scsi 2:0:0:0: Direct-Access     ATA      VBOX HARDDISK    1.0  PQ: 0 ANSI: 5
[    2.492513] sd 2:0:0:0: Attached scsi generic sg1 type 0
[    2.492524] sd 2:0:0:0: [sda] 73400320 512-byte logical blocks: (37.6 GB/35.0 GiB)
[    2.492530] sd 2:0:0:0: [sda] Write Protect is off
[    2.492531] sd 2:0:0:0: [sda] Mode Sense: 00 3a 00 00
[    2.492539] sd 2:0:0:0: [sda] Write cache: enabled, read cache: enabled, doesn't support DPO or FUA
[    2.500337]  sda: sda1
[    2.500688] sd 2:0:0:0: [sda] Attached SCSI disk
[    2.525307] e1000 0000:00:03.0 eth0: (PCI:33MHz:32-bit) 08:00:27:cd:81:fb
[    2.525311] e1000 0000:00:03.0 eth0: Intel(R) PRO/1000 Network Connection
[    2.526341] e1000 0000:00:03.0 enp0s3: renamed from eth0
[    2.663467] usb 2-1: New USB device found, idVendor=80ee, idProduct=0021, bcdDevice= 1.00
[    2.663468] usb 2-1: New USB device strings: Mfr=1, Product=3, SerialNumber=0
[    2.663469] usb 2-1: Product: USB Tablet
[    2.663470] usb 2-1: Manufacturer: VirtualBox
[    2.671104] hidraw: raw HID events driver (C) Jiri Kosina
[    2.682284] usbcore: registered new interface driver usbhid
[    2.682286] usbhid: USB HID core driver
[    2.684721] input: VirtualBox USB Tablet as /devices/pci0000:00/0000:00:06.0/usb2/2-1/2-1:1.0/0003:80EE:0021.0001/input/input6
[    2.685159] hid-generic 0003:80EE:0021.0001: input,hidraw0: USB HID v1.10 Mouse [VirtualBox USB Tablet] on usb-0000:00:06.0-1/input0
[    2.729726] EXT4-fs (sda1): mounted filesystem with ordered data mode. Opts: (null)
[    2.730999] random: fast init done
[    2.870588] systemd[1]: systemd 237 running in system mode. (+PAM +AUDIT +SELINUX +IMA +APPARMOR +SMACK +SYSVINIT +UTMP +LIBCRYPTSETUP +GCRYPT +GNUTLS +ACL +XZ +LZ4 +SECCOMP +BLKID +ELFUTILS +KMOD -IDN2 +IDN -PCRE2 default-hierarchy=hybrid)
[    2.870611] systemd[1]: Detected virtualization oracle.
[    2.870614] systemd[1]: Detected architecture x86-64.
[    2.875602] systemd[1]: Set hostname to <jeong-VirtualBox>.
[    3.110880] random: systemd: uninitialized urandom read (16 bytes read)
[    3.110889] systemd[1]: Reached target User and Group Name Lookups.
[    3.110940] random: systemd: uninitialized urandom read (16 bytes read)
[    3.110946] systemd[1]: Reached target System Time Synchronized.
[    3.110952] random: systemd: uninitialized urandom read (16 bytes read)
[    3.110956] systemd[1]: Reached target Mounting snaps.
[    3.110990] systemd[1]: Started Forward Password Requests to Wall Directory Watch.
[    3.111111] systemd[1]: Created slice System Slice.
[    3.111209] systemd[1]: Listening on Journal Socket.
[    3.139415] lp: driver loaded but no devices found
[    3.152702] EXT4-fs (sda1): re-mounted. Opts: errors=remount-ro
[    3.157790] ppdev: user-space parallel port driver
[    3.205262] Adding 1697968k swap on /swapfile.  Priority:-2 extents:5 across:1730736k FS
[    3.381058] systemd-journald[382]: Received request to flush runtime journal from PID 1
[    3.751799] vboxguest: loading out-of-tree module taints kernel.
[    3.751902] vboxguest: module verification failed: signature and/or required key missing - tainting kernel
[    3.755653] vgdrvHeartbeatInit: Setting up heartbeat to trigger every 2000 milliseconds
[    3.755802] Host supports full mouse state reporting, switching to extended mouse integration protocol
[    3.755828] RAPL PMU: API unit is 2^-32 Joules, 5 fixed counters, 10737418240 ms ovfl timer
[    3.755829] RAPL PMU: hw unit of domain pp0-core 2^-0 Joules
[    3.755829] RAPL PMU: hw unit of domain package 2^-0 Joules
[    3.755830] RAPL PMU: hw unit of domain dram 2^-0 Joules
[    3.755830] RAPL PMU: hw unit of domain pp1-gpu 2^-0 Joules
[    3.755831] RAPL PMU: hw unit of domain psys 2^-0 Joules
[    3.755870] input: VirtualBox mouse integration as /devices/pci0000:00/0000:00:04.0/input/input7
[    3.757200] vboxguest: Successfully loaded version 7.0.14 r161095
[    3.757228] vboxguest: misc device minor 55, IRQ 20, I/O port d040, MMIO at 00000000f0400000 (size 0x400000)
[    3.757229] vboxguest: Successfully loaded version 7.0.14 r161095 (interface 0x00010004)
[    3.789108] cryptd: max_cpu_qlen set to 1000
[    3.912756] AVX2 version of gcm_enc/dec engaged.
[    3.912757] AES CTR mode by8 optimization enabled
[    4.272253] audit: type=1400 audit(1716832304.640:2): apparmor="STATUS" operation="profile_load" profile="unconfined" name="/sbin/dhclient" pid=688 comm="apparmor_parser"
[    4.272256] audit: type=1400 audit(1716832304.640:3): apparmor="STATUS" operation="profile_load" profile="unconfined" name="/usr/lib/NetworkManager/nm-dhcp-client.action" pid=688 comm="apparmor_parser"
[    4.272257] audit: type=1400 audit(1716832304.640:4): apparmor="STATUS" operation="profile_load" profile="unconfined" name="/usr/lib/NetworkManager/nm-dhcp-helper" pid=688 comm="apparmor_parser"
[    4.272259] audit: type=1400 audit(1716832304.640:5): apparmor="STATUS" operation="profile_load" profile="unconfined" name="/usr/lib/connman/scripts/dhclient-script" pid=688 comm="apparmor_parser"
[    4.274601] audit: type=1400 audit(1716832304.644:6): apparmor="STATUS" operation="profile_load" profile="unconfined" name="/usr/bin/man" pid=691 comm="apparmor_parser"
[    4.274603] audit: type=1400 audit(1716832304.644:7): apparmor="STATUS" operation="profile_load" profile="unconfined" name="man_filter" pid=691 comm="apparmor_parser"
[    4.274605] audit: type=1400 audit(1716832304.644:8): apparmor="STATUS" operation="profile_load" profile="unconfined" name="man_groff" pid=691 comm="apparmor_parser"
[    4.275645] audit: type=1400 audit(1716832304.644:9): apparmor="STATUS" operation="profile_load" profile="unconfined" name="libreoffice-senddoc" pid=694 comm="apparmor_parser"
[    4.287768] audit: type=1400 audit(1716832304.656:10): apparmor="STATUS" operation="profile_load" profile="unconfined" name="libreoffice-xpdfimport" pid=696 comm="apparmor_parser"
[    4.322736] random: crng init done
[    4.322737] random: 7 urandom warning(s) missed due to ratelimiting
[    4.386289] snd_intel8x0 0000:00:05.0: white list rate for 1028:0177 is 48000
[    5.520179] IPv6: ADDRCONF(NETDEV_UP): enp0s3: link is not ready
[    5.521791] IPv6: ADDRCONF(NETDEV_UP): enp0s3: link is not ready
[    5.528813] e1000: enp0s3 NIC Link is Up 1000 Mbps Full Duplex, Flow Control: RX
[    5.529168] IPv6: ADDRCONF(NETDEV_CHANGE): enp0s3: link becomes ready
[    5.567886] 17:51:45.940566 main     VBoxService 7.0.14 r161095 (verbosity: 0) linux.amd64 (Jan 15 2024 15:01:58) release log
               17:51:45.940568 main     Log opened 2024-05-27T17:51:45.940561000Z
[    5.567934] 17:51:45.940666 main     OS Product: Linux
[    5.567964] 17:51:45.940702 main     OS Release: 4.20.11.sslab
[    5.567998] 17:51:45.940732 main     OS Version: #32 SMP Thu May 23 03:30:57 KST 2024
[    5.568049] 17:51:45.940766 main     Executable: /opt/VBoxGuestAdditions-7.0.14/sbin/VBoxService
               17:51:45.940766 main     Process ID: 1088
               17:51:45.940767 main     Package type: LINUX_64BITS_GENERIC
[    5.569863] 17:51:45.942576 main     7.0.14 r161095 started. Verbose level = 0
[    5.570417] 17:51:45.943131 main     vbglR3GuestCtrlDetectPeekGetCancelSupport: Supported (#1)
[    9.267992] [drm:vmw_sou_crtc_page_flip [vmwgfx]] *ERROR* Page flip error -16.
[   16.372506] rfkill: input handler disabled
[   17.633282] ISO 9660 Extensions: Microsoft Joliet Level 3
[   17.636605] ISO 9660 Extensions: RRIP_1991A
[   82.107510] Working: A
[   82.208099] Working: A
[   82.309176] Working: A
[   82.409223] Working: A
[   82.513752] Working: A
[   82.613962] Working: A
[   82.714023] Working: A
[   82.815538] Working: A
[   82.917336] Working: A
[   83.018833] Working: A
[   83.123722] Turn Over -------> A
[   83.207267] Working: B
[   83.307288] Working: B
[   83.412743] Working: B
[   83.513068] Working: B
[   83.613229] Working: B
[   83.713299] Working: B
[   83.814252] Working: B
[   83.914364] Working: B
[   84.014888] Working: B
[   84.117211] Working: B
[   84.217530] Turn Over -------> B
[   84.235243] Working: A
[   84.335521] Working: A
[   84.444651] Working: A
[   84.545731] Working: A
[   84.645986] Working: A
[   84.752743] Working: A
[   84.859069] Working: A
[   84.960718] Working: A
[   85.061642] Working: A
[   85.161777] Working: A
[   85.261854] Turn Over -------> A
[   85.327168] Working: C
[   85.435767] Working: C
[   85.536652] Working: C
[   85.637008] Working: C
[   85.738369] Working: C
[   85.841277] Working: C
[   85.942662] Working: C
[   86.043232] Working: C
[   86.145031] Working: C
[   86.245808] Working: C
[   86.346844] Turn Over -------> C
[   86.450061] Working: B
[   86.550560] Working: B
[   86.652035] Working: B
[   86.754535] Working: B
[   86.855160] Working: B
[   86.955551] Working: B
[   87.059064] Working: B
[   87.161264] Working: B
[   87.261659] Working: B
[   87.363994] Working: B
[   87.467141] Turn Over -------> B
[   87.520402] Working: A
[   87.621025] Working: A
[   87.722939] Working: A
[   87.825651] Working: A
[   87.930085] Working: A
[   88.031852] Working: A
[   88.132049] Working: A
[   88.241447] Working: A
[   88.341911] Working: A
[   88.441945] Working: A
[   88.542664] Turn Over -------> A
[   88.593188] Working: C
[   88.701181] Working: C
[   88.801318] Working: C
[   88.901385] Working: C
[   89.001444] Working: C
[   89.102623] Working: C
[   89.203358] Working: C
[   89.304250] Working: C
[   89.404315] Working: C
[   89.505367] Working: C
[   89.609055] Turn Over -------> C
[   89.710074] Working: B
[   89.810556] Working: B
[   89.912059] Working: B
[   90.012996] Working: B
[   90.117314] Working: B
[   90.219767] Working: B
[   90.320256] Working: B
[   90.420697] Working: B
[   90.524624] Working: B
[   90.625233] Working: B
[   90.726435] Turn Over -------> B
[   90.825459] Working: A
[   90.927948] Working: A
[   91.028501] Working: A
[   91.129708] Working: A
[   91.230284] Working: A
[   91.330926] Working: A
[   91.431765] Working: A
[   91.532496] Working: A
[   91.633658] Working: A
[   91.733925] Working: A
[   91.835977] Turn Over -------> A
[   91.935147] Working: C
[   92.037804] Working: C
[   92.139192] Working: C
[   92.239400] Working: C
[   92.339509] Working: C
[   92.442025] Working: C
[   92.547886] Working: C
[   92.652964] Working: C
[   92.754276] Working: C
[   92.860685] Working: C
[   92.960832] Process Finished: C
[   93.061544] Working: B
[   93.163128] Working: B
[   93.264760] Working: B
[   93.366624] Working: B
[   93.467111] Working: B
[   93.567651] Working: B
[   93.669484] Working: B
[   93.771988] Working: B
[   93.872533] Working: B
[   93.973083] Working: B
[   94.081395] Turn Over -------> B
[   94.182135] Working: A
[   94.284961] Working: A
[   94.385622] Working: A
[   94.492141] Working: A
[   94.596940] Working: A
[   94.702428] Working: A
[   94.802715] Working: A
[   94.904600] Working: A
[   95.005109] Working: A
[   95.105567] Working: A
[   95.216329] Turn Over -------> A
[   95.216338] Working: B
[   95.326228] Working: B
[   95.426384] Working: B
[   95.533590] Working: B
[   95.633964] Working: B
[   95.734142] Working: B
[   95.834589] Working: B
[   95.935615] Working: B
[   96.036131] Working: B
[   96.136371] Working: B
[   96.237082] Process Finished: B
[   96.237229] Working: A
[   96.356705] Working: A
[   96.469015] Working: A
[   96.573405] Working: A
[   96.674131] Working: A
[   96.775651] Working: A
[   96.875908] Working: A
[   96.976726] Working: A
[   97.094473] Working: A
[   97.194998] Working: A
[   97.296234] Turn Over -------> A
[   97.404946] Working: A
[   97.505689] Working: A
[   97.606608] Working: A
[   97.708609] Working: A
[   97.809662] Working: A
[   97.909945] Working: A
[   98.011593] Working: A
[   98.113512] Working: A
[   98.214412] Working: A
[   98.317901] Working: A
[   98.420385] Process Finished: A
